
> online-examination-platform@0.1.0 test:integration
> node --experimental-vm-modules node_modules/jest/bin/jest.js --config jest.integration.cjs --runInBand --runTestsByPath apps/api/tests/integration/assessment-expiry-fixes.spec.ts --testTimeout=180000

(node:78209) ExperimentalWarning: VM Modules is an experimental feature and might change at any time
(Use `node --trace-warnings ...` to show where the warning was created)
FAIL apps/api/tests/integration/assessment-expiry-fixes.spec.ts (11.2 s)
  ● ATT-07 independent expiry regressions › rejects an accepted NULL provenance UPDATE with the runtime login

    expect(received).rejects.toMatchObject()

    Received promise resolved instead of rejected
    Resolved to value: {"RowCtor": null, "_parsers": undefined, "_prebuiltEmptyResultObject": null, "_types": {"_types": {"arrayParser": {"create": [Function create]}, "builtins": {"ABSTIME": 702, "ACLITEM": 1033, "BIT": 1560, "BOOL": 16, "BPCHAR": 1042, "BYTEA": 17, "CHAR": 18, "CID": 29, "CIDR": 650, "CIRCLE": 718, "DATE": 1082, "FLOAT4": 700, "FLOAT8": 701, "GTSVECTOR": 3642, "INET": 869, "INT2": 21, "INT4": 23, "INT8": 20, "INTERVAL": 1186, "JSON": 114, "JSONB": 3802, "MACADDR": 829, "MACADDR8": 774, "MONEY": 790, "NUMERIC": 1700, "OID": 26, "PATH": 602, "PG_DEPENDENCIES": 3402, "PG_LSN": 3220, "PG_NDISTINCT": 3361, "PG_NODE_TREE": 194, "POLYGON": 604, "REFCURSOR": 1790, "REGCLASS": 2205, "REGCONFIG": 3734, "REGDICTIONARY": 3769, "REGNAMESPACE": 4089, "REGOPER": 2203, "REGOPERATOR": 2204, "REGPROC": 24, "REGPROCEDURE": 2202, "REGROLE": 4096, "REGTYPE": 2206, "RELTIME": 703, "SMGR": 210, "TEXT": 25, "TID": 27, "TIME": 1083, "TIMESTAMP": 1114, "TIMESTAMPTZ": 1184, "TIMETZ": 1266, "TINTERVAL": 704, "TSQUERY": 3615, "TSVECTOR": 3614, "TXID_SNAPSHOT": 2970, "UUID": 2950, "VARBIT": 1562, "VARCHAR": 1043, "XID": 28, "XML": 142}, "getTypeParser": [Function getTypeParser], "setTypeParser": [Function setTypeParser]}, "binary": {}, "text": {}}, "command": "UPDATE", "fields": [], "oid": null, "rowAsArray": false, "rowCount": 1, "rows": []}

      307 |     async (login) => {
      308 |       const id = await seedAttempt();
    > 309 |       await expect(
          |             ^
      310 |         updateAccepted(login === "runtime" ? runtimeDb : workerDb, id, null),
      311 |       ).rejects.toMatchObject({ code: "23514" });
      312 |       expect(await state(id)).toMatchObject({

      at expect (node_modules/expect/build/index.js:2116:15)
      at apps/api/tests/integration/assessment-expiry-fixes.spec.ts:309:13

  ● ATT-07 independent expiry regressions › rejects an accepted NULL provenance UPDATE with the expiry login

    expect(received).rejects.toMatchObject()

    Received promise resolved instead of rejected
    Resolved to value: {"RowCtor": null, "_parsers": undefined, "_prebuiltEmptyResultObject": null, "_types": {"_types": {"arrayParser": {"create": [Function create]}, "builtins": {"ABSTIME": 702, "ACLITEM": 1033, "BIT": 1560, "BOOL": 16, "BPCHAR": 1042, "BYTEA": 17, "CHAR": 18, "CID": 29, "CIDR": 650, "CIRCLE": 718, "DATE": 1082, "FLOAT4": 700, "FLOAT8": 701, "GTSVECTOR": 3642, "INET": 869, "INT2": 21, "INT4": 23, "INT8": 20, "INTERVAL": 1186, "JSON": 114, "JSONB": 3802, "MACADDR": 829, "MACADDR8": 774, "MONEY": 790, "NUMERIC": 1700, "OID": 26, "PATH": 602, "PG_DEPENDENCIES": 3402, "PG_LSN": 3220, "PG_NDISTINCT": 3361, "PG_NODE_TREE": 194, "POLYGON": 604, "REFCURSOR": 1790, "REGCLASS": 2205, "REGCONFIG": 3734, "REGDICTIONARY": 3769, "REGNAMESPACE": 4089, "REGOPER": 2203, "REGOPERATOR": 2204, "REGPROC": 24, "REGPROCEDURE": 2202, "REGROLE": 4096, "REGTYPE": 2206, "RELTIME": 703, "SMGR": 210, "TEXT": 25, "TID": 27, "TIME": 1083, "TIMESTAMP": 1114, "TIMESTAMPTZ": 1184, "TIMETZ": 1266, "TINTERVAL": 704, "TSQUERY": 3615, "TSVECTOR": 3614, "TXID_SNAPSHOT": 2970, "UUID": 2950, "VARBIT": 1562, "VARCHAR": 1043, "XID": 28, "XML": 142}, "getTypeParser": [Function getTypeParser], "setTypeParser": [Function setTypeParser]}, "binary": {}, "text": {}}, "command": "UPDATE", "fields": [], "oid": null, "rowAsArray": false, "rowCount": 1, "rows": []}

      307 |     async (login) => {
      308 |       const id = await seedAttempt();
    > 309 |       await expect(
          |             ^
      310 |         updateAccepted(login === "runtime" ? runtimeDb : workerDb, id, null),
      311 |       ).rejects.toMatchObject({ code: "23514" });
      312 |       expect(await state(id)).toMatchObject({

      at expect (node_modules/expect/build/index.js:2116:15)
      at apps/api/tests/integration/assessment-expiry-fixes.spec.ts:309:13

  ● ATT-07 independent expiry regressions › rejects an accepted NULL provenance INSERT with the runtime login

    expect(received).rejects.toMatchObject()

    Received promise resolved instead of rejected
    Resolved to value: {"RowCtor": null, "_parsers": undefined, "_prebuiltEmptyResultObject": null, "_types": {"_types": {"arrayParser": {"create": [Function create]}, "builtins": {"ABSTIME": 702, "ACLITEM": 1033, "BIT": 1560, "BOOL": 16, "BPCHAR": 1042, "BYTEA": 17, "CHAR": 18, "CID": 29, "CIDR": 650, "CIRCLE": 718, "DATE": 1082, "FLOAT4": 700, "FLOAT8": 701, "GTSVECTOR": 3642, "INET": 869, "INT2": 21, "INT4": 23, "INT8": 20, "INTERVAL": 1186, "JSON": 114, "JSONB": 3802, "MACADDR": 829, "MACADDR8": 774, "MONEY": 790, "NUMERIC": 1700, "OID": 26, "PATH": 602, "PG_DEPENDENCIES": 3402, "PG_LSN": 3220, "PG_NDISTINCT": 3361, "PG_NODE_TREE": 194, "POLYGON": 604, "REFCURSOR": 1790, "REGCLASS": 2205, "REGCONFIG": 3734, "REGDICTIONARY": 3769, "REGNAMESPACE": 4089, "REGOPER": 2203, "REGOPERATOR": 2204, "REGPROC": 24, "REGPROCEDURE": 2202, "REGROLE": 4096, "REGTYPE": 2206, "RELTIME": 703, "SMGR": 210, "TEXT": 25, "TID": 27, "TIME": 1083, "TIMESTAMP": 1114, "TIMESTAMPTZ": 1184, "TIMETZ": 1266, "TINTERVAL": 704, "TSQUERY": 3615, "TSVECTOR": 3614, "TXID_SNAPSHOT": 2970, "UUID": 2950, "VARBIT": 1562, "VARCHAR": 1043, "XID": 28, "XML": 142}, "getTypeParser": [Function getTypeParser], "setTypeParser": [Function setTypeParser]}, "binary": {}, "text": {}}, "command": "INSERT", "fields": [], "oid": 0, "rowAsArray": false, "rowCount": 1, "rows": []}

      323 |     const id = randomUUID();
      324 |     const userId = await insertUser();
    > 325 |     await expect(
          |           ^
      326 |       runtimeDb.query(
      327 |         "assessment.write",
      328 |         `

      at expect (node_modules/expect/build/index.js:2116:15)
      at Object.<anonymous> (apps/api/tests/integration/assessment-expiry-fixes.spec.ts:325:11)

  ● ATT-07 independent expiry regressions › advances a healthy row behind a full poison batch of 1 without marking failures terminal

    expect(received).toMatchObject(expected)

    - Expected  - 4
    + Received  + 4

      Object {
    -   "events": 1,
    -   "revision": 2,
    -   "status": "EXPIRED",
    -   "submission_kind": "DEADLINE",
    +   "events": 0,
    +   "revision": 1,
    +   "status": "IN_PROGRESS",
    +   "submission_kind": null,
      }

      379 |         const worker = sweep(workerDb, batch);
      380 |         for (let tick = 0; tick < 6; tick += 1) await worker.runOnce(randomUUID());
    > 381 |         expect(await state(healthy)).toMatchObject({
          |                                      ^
      382 |           status: "EXPIRED",
      383 |           revision: 2,
      384 |           submission_kind: "DEADLINE",

      at apps/api/tests/integration/assessment-expiry-fixes.spec.ts:381:38

  ● ATT-07 independent expiry regressions › advances a healthy row behind a full poison batch of 2 without marking failures terminal

    expect(received).toMatchObject(expected)

    - Expected  - 4
    + Received  + 4

      Object {
    -   "events": 1,
    -   "revision": 2,
    -   "status": "EXPIRED",
    -   "submission_kind": "DEADLINE",
    +   "events": 0,
    +   "revision": 1,
    +   "status": "IN_PROGRESS",
    +   "submission_kind": null,
      }

      379 |         const worker = sweep(workerDb, batch);
      380 |         for (let tick = 0; tick < 6; tick += 1) await worker.runOnce(randomUUID());
    > 381 |         expect(await state(healthy)).toMatchObject({
          |                                      ^
      382 |           status: "EXPIRED",
      383 |           revision: 2,
      384 |           submission_kind: "DEADLINE",

      at apps/api/tests/integration/assessment-expiry-fixes.spec.ts:381:38

  ● ATT-07 independent expiry regressions › uses a natural deadline index range for an empty claim among 100000 future attempts

    expect(received).toBe(expected) // Object.is equality

    Expected: true
    Received: false

      514 |       if (!plan) throw new Error("Missing PostgreSQL plan");
      515 |       const attempts = flattenPlan(plan).filter((node) => node["Relation Name"] === "attempts");
    > 516 |       expect(attempts.some((node) => (node["Index Cond"] ?? "").includes("deadline"))).toBe(true);
          |                                                                                        ^
      517 |       expect(attempts.reduce((sum, node) => sum + (node["Rows Removed by Filter"] ?? 0), 0)).toBe(
      518 |         0,
      519 |       );

      at Object.<anonymous> (apps/api/tests/integration/assessment-expiry-fixes.spec.ts:516:88)

Test Suites: 1 failed, 1 total
Tests:       6 failed, 5 passed, 11 total
Snapshots:   0 total
Time:        11.396 s
Ran all test suites within paths "apps/api/tests/integration/assessment-expiry-fixes.spec.ts".
