node:internal/modules/esm/resolve:271
    throw new ERR_MODULE_NOT_FOUND(
          ^

Error [ERR_MODULE_NOT_FOUND]: Cannot find module '/Users/trankhanh/MyFolder/ResearchProjects/NestJS/online-examination-platform/scripts/expiry-lag.mjs' imported from /Users/trankhanh/MyFolder/ResearchProjects/NestJS/online-examination-platform/scripts/__tests__/expiry-lag.unit.spec.mjs
    at finalizeResolution (node:internal/modules/esm/resolve:271:11)
    at moduleResolve (node:internal/modules/esm/resolve:865:10)
    at defaultResolve (node:internal/modules/esm/resolve:992:11)
    at #cachedDefaultResolve (node:internal/modules/esm/loader:691:20)
    at #resolveAndMaybeBlockOnLoaderThread (node:internal/modules/esm/loader:708:38)
    at ModuleLoader.resolveSync (node:internal/modules/esm/loader:740:52)
    at #resolve (node:internal/modules/esm/loader:673:17)
    at ModuleLoader.getOrCreateModuleJob (node:internal/modules/esm/loader:593:35)
    at ModuleJob.syncLink (node:internal/modules/esm/module_job:163:33)
    at ModuleJob.link (node:internal/modules/esm/module_job:253:17) {
  code: 'ERR_MODULE_NOT_FOUND',
  url: 'file:///Users/trankhanh/MyFolder/ResearchProjects/NestJS/online-examination-platform/scripts/expiry-lag.mjs'
}

Node.js v24.17.0
✖ scripts/__tests__/expiry-lag.unit.spec.mjs (52.092959ms)
ℹ tests 1
ℹ suites 0
ℹ pass 0
ℹ fail 1
ℹ cancelled 0
ℹ skipped 0
ℹ todo 0
ℹ duration_ms 58.095375

✖ failing tests:

test at scripts/__tests__/expiry-lag.unit.spec.mjs:1:1
✖ scripts/__tests__/expiry-lag.unit.spec.mjs (52.092959ms)
  'test failed'
