
> @exam/web@0.1.0 test:e2e
> playwright test


Running 24 tests using 1 worker

(node:52053) Warning: The 'NO_COLOR' env is ignored due to the 'FORCE_COLOR' env being set.
(Use `node --trace-warnings ...` to show where the warning was created)
  ✓   1 [chromium] › e2e/admin-workflows.e2e-spec.ts:14:1 › exam draft keeps editor state, prevents duplicate slots and distinguishes saved publication from local edits (1.7s)
  ✓   2 [chromium] › e2e/admin-workflows.e2e-spec.ts:53:1 › question keys use the keyboard and confirm destructive type changes before saving (1.1s)
  ✓   3 [chromium] › e2e/admin-workflows.e2e-spec.ts:87:1 › import validates first, invalidates a changed file and asks before committing (1.6s)
  ✓   4 [chromium] › e2e/admin-workflows.e2e-spec.ts:116:1 › audit restores focus, failed replay stays pending and reviewer capabilities filter the page (1.7s)
  ✓   5 [chromium] › e2e/assessment-results.e2e-spec.ts:11:1 › mobile room saves three native question types before submitting and opening released review (8.6s)
  ✓   6 [chromium] › e2e/assessment-results.e2e-spec.ts:58:1 › history and pseudonymous leaderboard remain keyboard scrollable on narrow screens (2.9s)
  ✓   7 [chromium] › e2e/browser.spec.ts:58:3 › demo › public pages at five widths (4.3s)
  ✓   8 [chromium] › e2e/browser.spec.ts:87:3 › demo › exam save, conflict, frozen attempt and result (5.1s)
  ✓   9 [chromium] › e2e/browser.spec.ts:140:3 › demo › admin permission boundary and honest metrics (4.3s)
  ✓  10 [chromium] › e2e/browser.spec.ts:170:3 › live › does not fall back to demo data (1.3s)
  ✓  11 [chromium] › e2e/foundation.e2e-spec.ts:11:1 › public mobile menu closes on Escape and restores trigger focus (287ms)
  ✓  12 [chromium] › e2e/foundation.e2e-spec.ts:31:1 › candidate mobile navigation closes after choosing a route and shows its active link (852ms)
  ✓  13 [chromium] › e2e/foundation.e2e-spec.ts:66:1 › admin mobile menu preserves capability filtering and logout (2.9s)
  ✓  14 [chromium] › e2e/foundation.e2e-spec.ts:94:1 › shared controls support keyboard entry, table scrolling and dialog focus (727ms)
  ✓  15 [chromium] › e2e/onboarding-catalog.e2e-spec.ts:3:1 › verification recovery and explicit confirmation remain usable on mobile (436ms)
  ✓  16 [chromium] › e2e/onboarding-catalog.e2e-spec.ts:26:1 › catalog filters, browser Back and detail cancellation preserve navigation (716ms)
(node:52407) Warning: The 'NO_COLOR' env is ignored due to the 'FORCE_COLOR' env being set.
(Use `node --trace-warnings ...` to show where the warning was created)
  ✓  17 [chromium] › e2e/public-experience.e2e-spec.ts:32:5 › public experience demo › homepage renders 3D, fits five widths and supports motion pause (2.3s)
  ✓  18 [chromium] › e2e/public-experience.e2e-spec.ts:66:5 › public experience demo › public sample works without business requests and leads to registration (4.1s)
  ✓  19 [chromium] › e2e/public-experience.e2e-spec.ts:132:5 › public experience demo › fallback and keyboard navigation remain useful (1.4s)
  ✓  20 [chromium] › e2e/public-experience.e2e-spec.ts:162:5 › public experience demo › 3D stops when paused or offscreen and recovers after context loss (2.8s)
  ✓  21 [chromium] › e2e/public-experience.e2e-spec.ts:32:5 › public experience live › homepage renders 3D, fits five widths and supports motion pause (2.3s)
  ✓  22 [chromium] › e2e/public-experience.e2e-spec.ts:66:5 › public experience live › public sample works without business requests and leads to registration (2.8s)
  ✓  23 [chromium] › e2e/public-experience.e2e-spec.ts:132:5 › public experience live › fallback and keyboard navigation remain useful (1.1s)
  ✓  24 [chromium] › e2e/public-experience.e2e-spec.ts:162:5 › public experience live › 3D stops when paused or offscreen and recovers after context loss (2.9s)

  24 passed (1.0m)
