
> online-examination-platform@0.1.0 web:build:demo
> npm --prefix apps/web run build:demo


> @exam/web@0.1.0 build:demo
> tsc -p tsconfig.json --noEmit && vite build --mode demo

vite v8.3.3 building client environment for demo...
transforming...
✓ 247 modules transformed.
rendering chunks...
computing gzip size...
dist-demo/index.html                                                   0.88 kB │ gzip:   0.50 kB
dist-demo/assets/noto-sans-vietnamese-400-normal-D2wP-Vm-.woff2        5.31 kB
dist-demo/assets/noto-sans-vietnamese-500-normal-B_DgfjT4.woff2        5.72 kB
dist-demo/assets/noto-sans-vietnamese-600-normal-mhyQDSzg.woff2        5.83 kB
dist-demo/assets/source-sans-3-vietnamese-700-normal-Bgamivog.woff2    6.13 kB
dist-demo/assets/source-sans-3-vietnamese-600-normal-B2sTNYey.woff2    6.22 kB
dist-demo/assets/noto-sans-latin-400-normal-BTkUljjl.woff2            13.12 kB
dist-demo/assets/noto-sans-latin-500-normal-DCA2Z9Cj.woff2            13.49 kB
dist-demo/assets/noto-sans-latin-600-normal-Dkgu5AE5.woff2            13.49 kB
dist-demo/assets/source-sans-3-latin-700-normal-CkzU-mV9.woff2        15.59 kB
dist-demo/assets/source-sans-3-latin-600-normal-DeckBYAU.woff2        15.66 kB
dist-demo/assets/layout-BgSLLubf.css                                   4.31 kB │ gzip:   1.31 kB
dist-demo/assets/ui-DHxfIuBN.css                                       5.21 kB │ gzip:   1.30 kB
dist-demo/assets/exam-room-CVBiBebz.css                                6.07 kB │ gzip:   1.68 kB
dist-demo/assets/index-CxF607CL.css                                    6.93 kB │ gzip:   1.79 kB
dist-demo/assets/result-pages-lcSmu8t1.css                             8.12 kB │ gzip:   1.92 kB
dist-demo/assets/admin-ui-BmXzeSbx.css                                 9.27 kB │ gzip:   2.07 kB
dist-demo/assets/sample-experience-DeOYkbge.css                        9.86 kB │ gzip:   2.20 kB
dist-demo/assets/mount-BLHoLUTo.css                                   31.96 kB │ gzip:   6.34 kB
dist-demo/assets/progress-CrhD1lsq.js                                  0.37 kB │ gzip:   0.29 kB
dist-demo/assets/protected-access-lrFCQiZb.js                          0.38 kB │ gzip:   0.27 kB
dist-demo/assets/polling-DFBeh31A.js                                   0.50 kB │ gzip:   0.30 kB
dist-demo/assets/runtime-C5v8dsOg.js                                   0.58 kB │ gzip:   0.34 kB
dist-demo/assets/memory-Br0Xt8S5.js                                    0.59 kB │ gzip:   0.37 kB
dist-demo/assets/mutation-intent-DIWikAAn.js                           0.69 kB │ gzip:   0.33 kB
dist-demo/assets/gate-C7P-p4U-.js                                      0.90 kB │ gzip:   0.58 kB
dist-demo/assets/layout.module-kOaVuOni.js                             0.98 kB │ gzip:   0.42 kB
dist-demo/assets/admin-ui-i2nBZnVm.js                                  2.41 kB │ gzip:   1.09 kB
dist-demo/assets/index-DmAQaR9f.js                                     2.83 kB │ gzip:   1.42 kB
dist-demo/assets/dev-ui-D3MOCqII.js                                    3.48 kB │ gzip:   1.32 kB
dist-demo/assets/session-KszIsmcH.js                                   3.81 kB │ gzip:   1.63 kB
dist-demo/assets/admin-layout-CbaQ401s.js                              4.34 kB │ gzip:   1.77 kB
dist-demo/assets/ui-D_fd8nDD.js                                        6.96 kB │ gzip:   2.42 kB
dist-demo/assets/admin-import-DAV4YLSC.js                              7.20 kB │ gzip:   2.69 kB
dist-demo/assets/admin-insights-CGHsXiD3.js                            8.10 kB │ gzip:   2.85 kB
dist-demo/assets/jsx-runtime-FKpBTzT_.js                               8.87 kB │ gzip:   3.40 kB
dist-demo/assets/sample-experience-B3prZrVb.js                        10.42 kB │ gzip:   3.49 kB
dist-demo/assets/admin-questions-eFeF0DEd.js                          11.94 kB │ gzip:   4.29 kB
dist-demo/assets/admin-monitor-C-nzVH39.js                            13.77 kB │ gzip:   4.49 kB
dist-demo/assets/result-pages-diSqUC38.js                             20.14 kB │ gzip:   5.81 kB
dist-demo/assets/admin-exams-D9VWtf2u.js                              21.41 kB │ gzip:   6.85 kB
dist-demo/assets/format-C4_HROAb.js                                   23.94 kB │ gzip:   8.24 kB
dist-demo/assets/exam-room-LkZeolor.js                                32.42 kB │ gzip:   9.99 kB
dist-demo/assets/lib-DxUxpXH9.js                                      92.14 kB │ gzip:  30.19 kB
dist-demo/assets/mount-BfYGfpIe.js                                   316.88 kB │ gzip:  95.29 kB
dist-demo/assets/mount-scene-DL16NffI.js                             520.18 kB │ gzip: 132.21 kB

✓ built in 279ms
