
> online-examination-platform@0.1.0 test
> npm run test:api && npm run test:tooling && npm run web:test


> online-examination-platform@0.1.0 test:api
> node --experimental-vm-modules node_modules/jest/bin/jest.js --runInBand

(node:46709) ExperimentalWarning: VM Modules is an experimental feature and might change at any time
(Use `node --trace-warnings ...` to show where the warning was created)

Test Suites: 14 passed, 14 total
Tests:       94 passed, 94 total
Snapshots:   0 total
Time:        2.215 s, estimated 4 s
Ran all test suites.

> online-examination-platform@0.1.0 test:tooling
> node --test scripts/__tests__/*.unit.spec.mjs

✔ generates latency summary from its own raw run rather than a previous run (0.648667ms)
✔ absent transaction samples remain not measured and zero-valued evidence is rejected (0.67425ms)
✔ freezing an existing evidence directory cannot replace its raw sample or summary (6.503541ms)
✔ validates the complete OpenAPI contract and its payload examples (177.6795ms)
✔ verification is an explicit public POST with a bounded one-use token and final password (1.371334ms)
✔ signed token contract keeps access and refresh separate and PostgreSQL authoritative (3.702083ms)
✔ contract checks reject a refresh audience reused for access (1.60875ms)
✔ email login rejects alternate usernames and Session rejects raw credential fields (0.336709ms)
✔ email schemas reject non-ASCII identifiers consistently with the PostgreSQL identity policy (0.2725ms)
✔ accepts a submitted event and rejects answer data anywhere in it (0.450917ms)
✔ rejects an event for another aggregate, schema version or invalid timestamp (0.129917ms)
✔ candidate question schema rejects keys and explanation leaks (0.134833ms)
✔ rejects non-finite timestamps rather than treating them as a manual submission (0.121292ms)
✔ save contract accepts clearing and rejects duplicate options and oversized batches (0.152792ms)
✔ rejects an admin operation made public even when the document remains valid OpenAPI (1.168791ms)
✔ does not allow an admin route to inherit a public operation name (1.129042ms)
✔ rejects a critical mutation without an idempotency header (0.993208ms)
✔ rejects unsafe browser operations without Origin or CSRF contract (0.942625ms)
✔ rejects undocumented owners, acceptance cases and unbounded list pagination (0.924042ms)
✔ packages immutable SQL bytes and ordered filenames independently of process cwd (7.578ms)
✔ fails build rather than silently packaging missing or symlinked migrations (2.62775ms)
✔ finds forbidden external, dynamic and re-export imports while ignoring comments (4.527958ms)
✔ detects module-private and same-module infrastructure access from application (0.737709ms)
✔ permits a public application capability and infrastructure driver adapter (0.62025ms)
✔ extracts real local links but excludes fenced examples and external URLs (0.325875ms)
✔ resolves repeated headings and ignores code-fence pseudo-headings (0.502834ms)
✔ checks TypeScript import types and import-equals dependencies (0.566125ms)
✔ rejects Node network imports with or without node prefix (0.186667ms)
✔ checks technical folder barrel imports without a trailing slash (0.182583ms)
✔ keeps platform technical and presentation independent of infrastructure (0.376666ms)
✔ keeps domain independent of application orchestration (0.219583ms)
✔ rejects outer helpers, config and workers in business layers, including barrels and type imports (0.31425ms)
✔ keeps all global technical roots independent from business modules (0.2765ms)
✔ permits explicit public capabilities while rejecting private application imports (0.209959ms)
✔ requires module composition to use explicit public capabilities of another module (0.241541ms)
✔ rejects legacy placement after normalization closes (0.124ms)
✔ prevents business dependencies hidden behind shared root barrels or unsupported aliases (0.216917ms)
ℹ tests 37
ℹ suites 0
ℹ pass 37
ℹ fail 0
ℹ cancelled 0
ℹ skipped 0
ℹ todo 0
ℹ duration_ms 293.642417

> online-examination-platform@0.1.0 web:test
> npm --prefix apps/web test


> @exam/web@0.1.0 test
> vitest run


 RUN  v5.0.3 /Users/trankhanh/MyFolder/ResearchProjects/NestJS/online-examination-platform/apps/web


 Test Files  23 passed (23)
      Tests  93 passed (93)
   Start at  08:56:45
   Duration  4.05s (environment 57%, tests 22%, import 11%, transform 10%)

Environment  jsdom was created 23 times · 13.80s total, 57% of tracked time
             create it once per worker with pool: 'vmThreads' (keeps per-file isolation) or isolate: false (shares it across files)
             learn more: https://vitest.dev/guide/improving-performance#test-environments

