overview: 0 overflow, 0 serious/critical axe findings
exams: 0 overflow, 0 serious/critical axe findings
exam-new: 0 overflow, 0 serious/critical axe findings
exam-information: 0 overflow, 0 serious/critical axe findings
exam-structure: 0 overflow, 0 serious/critical axe findings
exam-picker: 0 overflow, 0 serious/critical axe findings
exam-check: 0 overflow, 0 serious/critical axe findings
exam-publish-confirm: 0 overflow, 0 serious/critical axe findings
questions: 0 overflow, 0 serious/critical axe findings
question-new: 0 overflow, 0 serious/critical axe findings
question-edit: 0 overflow, 0 serious/critical axe findings
question-archive-confirm: 0 overflow, 0 serious/critical axe findings
question-multiple: 0 overflow, 0 serious/critical axe findings
question-type-confirm: 0 overflow, 0 serious/critical axe findings
import: 0 overflow, 0 serious/critical axe findings
import-dry-run: 0 overflow, 0 serious/critical axe findings
import-invalid: 0 overflow, 0 serious/critical axe findings
import-confirm: 0 overflow, 0 serious/critical axe findings
import-report: 0 overflow, 0 serious/critical axe findings
monitor-index: 0 overflow, 0 serious/critical axe findings
monitor: 0 overflow, 0 serious/critical axe findings
monitor-empty: 0 overflow, 0 serious/critical axe findings
submissions: 0 overflow, 0 serious/critical axe findings
attempt-completed: 0 overflow, 0 serious/critical axe findings
attempt-failed: 0 overflow, 0 serious/critical axe findings
statistics: 0 overflow, 0 serious/critical axe findings
statistics-zero: 0 overflow, 0 serious/critical axe findings
metrics: 0 overflow, 0 serious/critical axe findings
audit: 0 overflow, 0 serious/critical axe findings
audit-detail: 0 overflow, 0 serious/critical axe findings
admin-denied: 0 overflow, 0 serious/critical axe findings
