
> online-examination-platform@0.1.0 test:api
> node --experimental-vm-modules node_modules/jest/bin/jest.js --runInBand --runTestsByPath apps/api/src/config/__tests__/app-config.unit.spec.ts

(node:80271) ExperimentalWarning: VM Modules is an experimental feature and might change at any time
(Use `node --trace-warnings ...` to show where the warning was created)
FAIL apps/api/src/config/__tests__/app-config.unit.spec.ts
  ● typed configuration before secret I/O › does not distribute leaderboard identity keys to mail workers

    expect(received).toThrow()

    Received function did not throw

      30 |   it("does not distribute leaderboard identity keys to mail workers", () => {
      31 |     const worker = { ...env, JWT_PRIVATE_KEY_FILE: undefined, JWT_PUBLIC_KEYS_FILE: undefined };
    > 32 |     expect(() => validateRuntimeSettings(worker, "worker")).toThrow();
         |                                                             ^
      33 |     expect(validateRuntimeSettings({ ...worker, LEADERBOARD_KEY_FILE: undefined }, "worker").secretFiles.leaderboard).toBeUndefined();
      34 |   });
      35 | });

      at Object.<anonymous> (apps/api/src/config/__tests__/app-config.unit.spec.ts:32:61)

Test Suites: 1 failed, 1 total
Tests:       1 failed, 2 passed, 3 total
Snapshots:   0 total
Time:        1.733 s
Ran all test suites within paths "apps/api/src/config/__tests__/app-config.unit.spec.ts".
