
> online-examination-platform@0.1.0 test:integration
> node --experimental-vm-modules node_modules/jest/bin/jest.js --config jest.integration.cjs --runInBand --globalSetup /private/tmp/leaderboard-full-env.cjs

(node:85681) ExperimentalWarning: VM Modules is an experimental feature and might change at any time
(Use `node --trace-warnings ...` to show where the warning was created)
FAIL apps/api/tests/integration/assessment.spec.ts (69.946 s)
  ● Candidate projection query plans › uses the history index naturally on 100k attempts and never executes key lookup before release

    thrown: "Exceeded timeout of 30000 ms for a test.
    Add a timeout value to this test to increase the timeout, if this is a long-running test. See https://jestjs.io/docs/api#testname-fn-timeout."

      at _getError (node_modules/jest-circus/build/jestAdapterInit.js:1985:12)
          at Array.map (<anonymous>)

    Cause:
        thrown: "Exceeded timeout of 30000 ms for a test.
        Add a timeout value to this test to increase the timeout, if this is a long-running test. See https://jestjs.io/docs/api#testname-fn-timeout."

          3484 |
          3485 | describe("Candidate projection query plans", () => {
        > 3486 |   it("uses the history index naturally on 100k attempts and never executes key lookup before release", async () => {
               |   ^
          3487 |     const actor = await activated(),
          3488 |       f = await submittedForReview("NEVER", false, actor);
          3489 |     const version = JSON.parse(f.raw).payload.publishedVersionId;

          at apps/api/tests/integration/assessment.spec.ts:3486:3
          at apps/api/tests/integration/assessment.spec.ts:3485:1


  ● Test suite failed to run

    thrown: "Exceeded timeout of 30000 ms for a hook.
    Add a timeout value to this test to increase the timeout, if this is a long-running test. See https://jestjs.io/docs/api#testname-fn-timeout."

      at _getError (node_modules/jest-circus/build/jestAdapterInit.js:1985:12)
          at Array.map (<anonymous>)

    Cause:
     

          526 | });
          527 |
        > 528 | afterAll(async () => {
              | ^
          529 |   await unblockOutbox().catch(() => undefined);
          530 |   await db?.close();
          531 |   await db2?.close();

          at apps/api/tests/integration/assessment.spec.ts:528:1


Test Suites: 1 failed, 16 passed, 17 total
Tests:       1 failed, 279 passed, 280 total
Snapshots:   0 total
Time:        170.253 s
Ran all test suites.
Jest did not exit one second after the test run has completed.

'This usually means that there are asynchronous operations that weren't stopped in your tests. Consider running Jest with `--detectOpenHandles` to troubleshoot this issue.

ReferenceError: You are trying to `require` a file after the Jest environment has been torn down. From apps/api/tests/integration/assessment.spec.ts.

      535 |   for (let attempt = 0; attempt < 100; attempt += 1) {
      536 |     const running = (
    > 537 |       await admin.query<{ n: number }>(
          |                   ^
      538 |         "SELECT count(*)::int AS n FROM pg_stat_activity WHERE datname = $1",
      539 |         [name],
      540 |       )

      at getStream (node_modules/pg/lib/stream.js:22:17)
      at new Connection (node_modules/pg/lib/connection.js:19:36)
      at new Client (node_modules/pg/lib/client.js:91:7)
      at BoundPool.newClient (node_modules/pg-pool/index.js:241:20)
      at BoundPool.connect (node_modules/pg-pool/index.js:235:10)
      at BoundPool.query (node_modules/pg-pool/index.js:449:10)
      at Object.<anonymous> (apps/api/tests/integration/assessment.spec.ts:537:19)
