
> online-examination-platform@0.1.0 test:integration
> node --experimental-vm-modules node_modules/jest/bin/jest.js --config jest.integration.cjs --runInBand --globalSetup /private/tmp/leaderboard-baseline-env.cjs --runTestsByPath apps/api/tests/integration/leaderboard.spec.ts --testNamePattern disallows changing

(node:84302) ExperimentalWarning: VM Modules is an experimental feature and might change at any time
(Use `node --trace-warnings ...` to show where the warning was created)
FAIL apps/api/tests/integration/leaderboard.spec.ts
  ● Public leaderboard on restricted PostgreSQL/HTTP › disallows changing the candidate/version identity of a best row

    expect(received).rejects.toMatchObject()

    Received promise resolved instead of rejected
    Resolved to value: {"RowCtor": null, "_parsers": undefined, "_prebuiltEmptyResultObject": null, "_types": {"_types": {"arrayParser": {"create": [Function create]}, "builtins": {"ABSTIME": 702, "ACLITEM": 1033, "BIT": 1560, "BOOL": 16, "BPCHAR": 1042, "BYTEA": 17, "CHAR": 18, "CID": 29, "CIDR": 650, "CIRCLE": 718, "DATE": 1082, "FLOAT4": 700, "FLOAT8": 701, "GTSVECTOR": 3642, "INET": 869, "INT2": 21, "INT4": 23, "INT8": 20, "INTERVAL": 1186, "JSON": 114, "JSONB": 3802, "MACADDR": 829, "MACADDR8": 774, "MONEY": 790, "NUMERIC": 1700, "OID": 26, "PATH": 602, "PG_DEPENDENCIES": 3402, "PG_LSN": 3220, "PG_NDISTINCT": 3361, "PG_NODE_TREE": 194, "POLYGON": 604, "REFCURSOR": 1790, "REGCLASS": 2205, "REGCONFIG": 3734, "REGDICTIONARY": 3769, "REGNAMESPACE": 4089, "REGOPER": 2203, "REGOPERATOR": 2204, "REGPROC": 24, "REGPROCEDURE": 2202, "REGROLE": 4096, "REGTYPE": 2206, "RELTIME": 703, "SMGR": 210, "TEXT": 25, "TID": 27, "TIME": 1083, "TIMESTAMP": 1114, "TIMESTAMPTZ": 1184, "TIMETZ": 1266, "TINTERVAL": 704, "TSQUERY": 3615, "TSVECTOR": 3614, "TXID_SNAPSHOT": 2970, "UUID": 2950, "VARBIT": 1562, "VARCHAR": 1043, "XID": 28, "XML": 142}, "getTypeParser": [Function getTypeParser], "setTypeParser": [Function setTypeParser]}, "binary": {}, "text": {}}, "command": "UPDATE", "fields": [], "oid": null, "rowAsArray": false, "rowCount": 1, "rows": []}

      557 |     const v = await version();
      558 |     await entry(v, await completed(v, await user()));
    > 559 |     await expect(db.query("diagnostic", "UPDATE assessment.leaderboard_entries SET user_id = user_id")).rejects.toMatchObject({ code: "42501" });
          |           ^
      560 |     await expect(db.query("diagnostic", "UPDATE assessment.leaderboard_entries SET version_id = version_id")).rejects.toMatchObject({ code: "42501" });
      561 |   });
      562 |   it("invalidates a continuation when retention replaces a seen best with a worse surviving attempt", async () => {

      at expect (node_modules/expect/build/index.js:2116:15)
      at Object.<anonymous> (apps/api/tests/integration/leaderboard.spec.ts:559:11)

Test Suites: 1 failed, 1 total
Tests:       1 failed, 11 skipped, 12 total
Snapshots:   0 total
Time:        2.57 s, estimated 34 s
Ran all test suites within paths "apps/api/tests/integration/leaderboard.spec.ts".
