
> online-examination-platform@0.1.0 test
> npm run test:api && npm run test:tooling && npm run web:test


> online-examination-platform@0.1.0 test:api
> node --experimental-vm-modules node_modules/jest/bin/jest.js --runInBand

(node:84981) ExperimentalWarning: VM Modules is an experimental feature and might change at any time
(Use `node --trace-warnings ...` to show where the warning was created)

Test Suites: 35 passed, 35 total
Tests:       258 passed, 258 total
Snapshots:   0 total
Time:        3.356 s, estimated 7 s
Ran all test suites.

> online-examination-platform@0.1.0 test:tooling
> node --test scripts/__tests__/*.unit.spec.mjs

✔ generates latency summary from its own raw run rather than a previous run (0.663625ms)
✔ absent transaction samples remain not measured and zero-valued evidence is rejected (0.763042ms)
✔ freezing an existing evidence directory cannot replace its raw sample or summary (8.768834ms)
✔ validates the complete OpenAPI contract and its payload examples (182.961167ms)
✔ verification is an explicit public POST with a bounded one-use token and final password (1.480291ms)
✔ signed token contract keeps access and refresh separate and PostgreSQL authoritative (3.414833ms)
✔ contract checks reject a refresh audience reused for access (1.933833ms)
✔ email login rejects alternate usernames and Session rejects raw credential fields (0.346125ms)
✔ email schemas reject non-ASCII identifiers consistently with the PostgreSQL identity policy (0.318291ms)
✔ accepts a submitted event and rejects answer data anywhere in it (0.486292ms)
✔ rejects an event for another aggregate, schema version or invalid timestamp (0.128542ms)
✔ candidate question schema rejects keys and explanation leaks (0.136084ms)
✔ rejects non-finite timestamps rather than treating them as a manual submission (0.106917ms)
✔ save contract accepts clearing and rejects duplicate options and oversized batches (0.121333ms)
✔ rejects an admin operation made public even when the document remains valid OpenAPI (1.2515ms)
✔ does not allow an admin route to inherit a public operation name (1.083875ms)
✔ rejects a critical mutation without an idempotency header (1.0355ms)
✔ rejects unsafe browser operations without Origin or CSRF contract (1.227708ms)
✔ rejects undocumented owners, acceptance cases and unbounded list pagination (1.181542ms)
✔ calibrates database UTC to local wall clock with a round-trip uncertainty bound (1.550209ms)
✔ commit acknowledgement includes persistence delay separately from acceptance lag (0.191541ms)
✔ does not turn absent observations into zero latency (0.085625ms)
✔ packages immutable SQL bytes and ordered filenames independently of process cwd (9.358708ms)
✔ fails build rather than silently packaging missing or symlinked migrations (2.7815ms)
✔ finds forbidden external, dynamic and re-export imports while ignoring comments (4.180416ms)
✔ detects module-private and same-module infrastructure access from application (0.693917ms)
✔ permits a public application capability and infrastructure driver adapter (0.720958ms)
✔ extracts real local links but excludes fenced examples and external URLs (0.378458ms)
✔ resolves repeated headings and ignores code-fence pseudo-headings (0.501833ms)
✔ checks TypeScript import types and import-equals dependencies (0.560875ms)
✔ rejects Node network imports with or without node prefix (0.173542ms)
✔ checks technical folder barrel imports without a trailing slash (0.3845ms)
✔ keeps platform technical and presentation independent of infrastructure (0.5285ms)
✔ keeps domain independent of application orchestration (0.268542ms)
✔ rejects outer helpers, config and workers in business layers, including barrels and type imports (0.37475ms)
✔ keeps all global technical roots independent from business modules (0.301209ms)
✔ permits explicit public capabilities while rejecting private application imports (0.268292ms)
✔ requires module composition to use explicit public capabilities of another module (0.585458ms)
✔ permits only reviewed Reporting ranking entry points and preserves private boundaries (0.436084ms)
✔ rejects legacy placement after normalization closes (0.148958ms)
✔ prevents business dependencies hidden behind shared root barrels or unsupported aliases (0.305208ms)
✔ allows only the reviewed Catalog worker composition boundary (0.241209ms)
ℹ tests 42
ℹ suites 0
ℹ pass 42
ℹ fail 0
ℹ cancelled 0
ℹ skipped 0
ℹ todo 0
ℹ duration_ms 302.398291

> online-examination-platform@0.1.0 web:test
> npm --prefix apps/web test


> @exam/web@0.1.0 test
> vitest run


 RUN  v5.0.3 /Users/trankhanh/MyFolder/ResearchProjects/NestJS/online-examination-platform/apps/web


 Test Files  24 passed (24)
      Tests  96 passed (96)
   Start at  22:01:16
   Duration  3.78s (environment 58%, tests 21%, import 11%, transform 9%)

Environment  jsdom was created 24 times · 13.28s total, 58% of tracked time
             create it once per worker with pool: 'vmThreads' (keeps per-file isolation) or isolate: false (shares it across files)
             learn more: https://vitest.dev/guide/improving-performance#test-environments

