
> online-examination-platform@0.1.0 test:integration
> node --experimental-vm-modules node_modules/jest/bin/jest.js --config jest.integration.cjs --runInBand --globalSetup /private/tmp/grading-recovery-validation-env.cjs --runTestsByPath apps/api/tests/integration/grading-consumer.spec.ts --testNamePattern DLQ worker lifecycle and operator CLI

(node:36241) ExperimentalWarning: VM Modules is an experimental feature and might change at any time
(Use `node --trace-warnings ...` to show where the warning was created)
FAIL apps/api/tests/integration/grading-consumer.spec.ts
  ● DLQ worker lifecycle and operator CLI › ACKs only after durable FAILED/audit, survives Delete ACK loss and exits on SIGTERM

    expect(received).toBe(expected) // Object.is equality

    Expected: 0
    Received: 1

      1488 |       let cliOutput = ''; cli.stdout.on('data', part => { cliOutput += part; });
      1489 |       cli.stderr.on('data', part => { cliOutput += part; });
    > 1490 |       expect(await new Promise(done => cli.once('exit', done))).toBe(0);
           |                                                                 ^
      1491 |       expect(cliOutput).toContain('grading.replay.accepted');
      1492 |       expect(cliOutput).not.toContain(password);
      1493 |       expect(await recoveryState(event)).toMatchObject({ replay_pending: true, replay_audits: 1 });

      at Object.<anonymous> (apps/api/tests/integration/grading-consumer.spec.ts:1490:65)

Test Suites: 1 failed, 1 total
Tests:       1 failed, 25 skipped, 26 total
Snapshots:   0 total
Time:        3.126 s, estimated 5 s
Ran all test suites within paths "apps/api/tests/integration/grading-consumer.spec.ts".
