
> online-examination-platform@0.1.0 test
> npm run test:api && npm run test:tooling && npm run web:test


> online-examination-platform@0.1.0 test:api
> node --experimental-vm-modules node_modules/jest/bin/jest.js --runInBand

(node:37410) ExperimentalWarning: VM Modules is an experimental feature and might change at any time
(Use `node --trace-warnings ...` to show where the warning was created)

Test Suites: 28 passed, 28 total
Tests:       190 passed, 190 total
Snapshots:   0 total
Time:        4.003 s, estimated 8 s
Ran all test suites.

> online-examination-platform@0.1.0 test:tooling
> node --test scripts/__tests__/*.unit.spec.mjs

✔ generates latency summary from its own raw run rather than a previous run (0.677ms)
✔ absent transaction samples remain not measured and zero-valued evidence is rejected (0.679917ms)
✔ freezing an existing evidence directory cannot replace its raw sample or summary (8.868667ms)
✔ validates the complete OpenAPI contract and its payload examples (170.709417ms)
✔ verification is an explicit public POST with a bounded one-use token and final password (1.513083ms)
✔ signed token contract keeps access and refresh separate and PostgreSQL authoritative (3.3045ms)
✔ contract checks reject a refresh audience reused for access (1.522ms)
✔ email login rejects alternate usernames and Session rejects raw credential fields (0.325958ms)
✔ email schemas reject non-ASCII identifiers consistently with the PostgreSQL identity policy (0.271208ms)
✔ accepts a submitted event and rejects answer data anywhere in it (0.442459ms)
✔ rejects an event for another aggregate, schema version or invalid timestamp (0.121542ms)
✔ candidate question schema rejects keys and explanation leaks (0.207583ms)
✔ rejects non-finite timestamps rather than treating them as a manual submission (0.157834ms)
✔ save contract accepts clearing and rejects duplicate options and oversized batches (0.150625ms)
✔ rejects an admin operation made public even when the document remains valid OpenAPI (1.1525ms)
✔ does not allow an admin route to inherit a public operation name (0.990583ms)
✔ rejects a critical mutation without an idempotency header (0.928875ms)
✔ rejects unsafe browser operations without Origin or CSRF contract (0.92575ms)
✔ rejects undocumented owners, acceptance cases and unbounded list pagination (0.925125ms)
✔ calibrates database UTC to local wall clock with a round-trip uncertainty bound (1.630042ms)
✔ commit acknowledgement includes persistence delay separately from acceptance lag (0.182708ms)
✔ does not turn absent observations into zero latency (0.077292ms)
✔ packages immutable SQL bytes and ordered filenames independently of process cwd (10.716375ms)
✔ fails build rather than silently packaging missing or symlinked migrations (3.110084ms)
✔ finds forbidden external, dynamic and re-export imports while ignoring comments (4.279083ms)
✔ detects module-private and same-module infrastructure access from application (0.6995ms)
✔ permits a public application capability and infrastructure driver adapter (0.630333ms)
✔ extracts real local links but excludes fenced examples and external URLs (0.340791ms)
✔ resolves repeated headings and ignores code-fence pseudo-headings (0.510167ms)
✔ checks TypeScript import types and import-equals dependencies (0.562542ms)
✔ rejects Node network imports with or without node prefix (0.185417ms)
✔ checks technical folder barrel imports without a trailing slash (0.181541ms)
✔ keeps platform technical and presentation independent of infrastructure (0.373292ms)
✔ keeps domain independent of application orchestration (0.214917ms)
✔ rejects outer helpers, config and workers in business layers, including barrels and type imports (0.323542ms)
✔ keeps all global technical roots independent from business modules (0.275833ms)
✔ permits explicit public capabilities while rejecting private application imports (0.200625ms)
✔ requires module composition to use explicit public capabilities of another module (0.241125ms)
✔ rejects legacy placement after normalization closes (0.116792ms)
✔ prevents business dependencies hidden behind shared root barrels or unsupported aliases (0.223375ms)
✔ allows only the reviewed Catalog worker composition boundary (0.159917ms)
ℹ tests 41
ℹ suites 0
ℹ pass 41
ℹ fail 0
ℹ cancelled 0
ℹ skipped 0
ℹ todo 0
ℹ duration_ms 285.422917

> online-examination-platform@0.1.0 web:test
> npm --prefix apps/web test


> @exam/web@0.1.0 test
> vitest run


 RUN  v5.0.3 /Users/trankhanh/MyFolder/ResearchProjects/NestJS/online-examination-platform/apps/web


 Test Files  24 passed (24)
      Tests  96 passed (96)
   Start at  11:19:22
   Duration  3.77s (environment 59%, tests 21%, import 10%, transform 10%)

Environment  jsdom was created 24 times · 13.32s total, 59% of tracked time
             create it once per worker with pool: 'vmThreads' (keeps per-file isolation) or isolate: false (shares it across files)
             learn more: https://vitest.dev/guide/improving-performance#test-environments
