
> online-examination-platform@0.1.0 test:integration
> node --experimental-vm-modules node_modules/jest/bin/jest.js --config jest.integration.cjs --runInBand --globalSetup /private/tmp/grading-recovery-validation-env.cjs --runTestsByPath apps/api/tests/integration/grading-consumer.spec.ts --testNamePattern settles two concurrent DLQ

(node:36741) ExperimentalWarning: VM Modules is an experimental feature and might change at any time
(Use `node --trace-warnings ...` to show where the warning was created)
FAIL apps/api/tests/integration/grading-consumer.spec.ts
  ● terminal failure and authorized replay on restricted PostgreSQL › settles two concurrent DLQ deliveries once without result/inbox or key authority

    GRADING_STATE_UNAVAILABLE

      42 |         (attempt.status === "FAILED" && !attempt.replayPending)
      43 |       )
    > 44 |         throw new Error("GRADING_STATE_UNAVAILABLE");
         |               ^
      45 |       const lifecycle = Attempt.restore(attempt);
      46 |       lifecycle.processing();
      47 |       await this.repository.begin(attempt.id);

      at apps/api/src/modules/assessment/application/services/grading-consumer.ts:44:15
      at apps/api/src/infrastructure/database/transaction/postgres-database.ts:233:24
      at PostgresDatabase.transaction (apps/api/src/infrastructure/database/transaction/postgres-database.ts:232:14)
      at GradingConsumer.consume (apps/api/src/modules/assessment/application/services/grading-consumer.ts:27:18)
      at Object.consume (apps/api/src/modules/assessment/assessment-worker.factory.ts:30:21)
      at Object.<anonymous> (apps/api/tests/integration/grading-consumer.spec.ts:1307:13)

Test Suites: 1 failed, 1 total
Tests:       1 failed, 25 skipped, 26 total
Snapshots:   0 total
Time:        3.171 s, estimated 4 s
Ran all test suites within paths "apps/api/tests/integration/grading-consumer.spec.ts".
