
> online-examination-platform@0.1.0 test:api
> node --experimental-vm-modules node_modules/jest/bin/jest.js --runInBand --runTestsByPath apps/api/src/modules/assessment/application/services/__tests__/assessment-retention.unit.spec.ts apps/api/src/modules/assessment/application/services/__tests__/grading-consumer.unit.spec.ts apps/api/src/modules/assessment/application/services/__tests__/grading-recovery.unit.spec.ts

FAIL apps/api/src/modules/assessment/application/services/__tests__/assessment-retention.unit.spec.ts
  ● Test suite failed to run

    Cannot find module '../assessment-retention' from 'apps/api/src/modules/assessment/application/services/__tests__/assessment-retention.unit.spec.ts'

      at Resolver._throwModNotFoundError (node_modules/jest-resolve/build/index.js:1031:11)

(node:55970) ExperimentalWarning: VM Modules is an experimental feature and might change at any time
(Use `node --trace-warnings ...` to show where the warning was created)
FAIL apps/api/src/modules/assessment/application/services/__tests__/grading-consumer.unit.spec.ts
  ● grading admission and atomic outcome › acknowledges a purged completed identity without recreating results

    GRADING_STATE_UNAVAILABLE

      48 |           (attempt.status === "FAILED" && !attempt.replayPending)
      49 |         )
    > 50 |           throw new Error("GRADING_STATE_UNAVAILABLE");
         |                 ^
      51 |         const lifecycle = Attempt.restore(attempt);
      52 |         lifecycle.processing();
      53 |         await this.repository.begin(attempt.id);

      at apps/api/src/modules/assessment/application/services/grading-consumer.ts:50:17
      at Object.transaction (apps/api/src/modules/assessment/application/services/__tests__/grading-consumer.unit.spec.ts:74:16)
      at GradingConsumer.consume (apps/api/src/modules/assessment/application/services/grading-consumer.ts:28:14)
      at Object.<anonymous> (apps/api/src/modules/assessment/application/services/__tests__/grading-consumer.unit.spec.ts:113:12)

FAIL apps/api/src/modules/assessment/application/services/__tests__/grading-recovery.unit.spec.ts
  ● terminal grading recovery › acknowledges delayed DLQ after completed payload retention

    GRADING_STATE_UNAVAILABLE

      33 |       }
      34 |       if (attempt.resultPresent || !["SUBMITTED", "EXPIRED", "FAILED"].includes(attempt.status))
    > 35 |         throw new Error("GRADING_STATE_UNAVAILABLE");
         |               ^
      36 |       const lifecycle = Attempt.restore(attempt);
      37 |       lifecycle.processing();
      38 |       lifecycle.fail();

      at apps/api/src/modules/assessment/application/services/grading-recovery.ts:35:15
      at Object.transaction (apps/api/src/modules/assessment/application/services/__tests__/grading-recovery.unit.spec.ts:65:16)

Test Suites: 3 failed, 3 total
Tests:       2 failed, 19 passed, 21 total
Snapshots:   0 total
Time:        1.819 s
Ran all test suites within paths "apps/api/src/modules/assessment/application/services/__tests__/assessment-retention.unit.spec.ts", "apps/api/src/modules/assessment/application/services/__tests__/grading-consumer.unit.spec.ts", "apps/api/src/modules/assessment/application/services/__tests__/grading-recovery.unit.spec.ts".

