
> online-examination-platform@0.1.0 test:integration
> node --experimental-vm-modules node_modules/jest/bin/jest.js --config jest.integration.cjs --runInBand --globalSetup /private/tmp/retention-baseline-env.cjs --runTestsByPath apps/api/tests/integration/assessment-retention.spec.ts -t provides the bounded maintenance

(node:56661) ExperimentalWarning: VM Modules is an experimental feature and might change at any time
(Use `node --trace-warnings ...` to show where the warning was created)
FAIL apps/api/tests/integration/assessment-retention.spec.ts
  ● Assessment maintenance authority and receipt lifetime › provides the bounded maintenance capability

    DatabaseError: Database operation failed

      162 |       if (operation === "lock.acquire")
      163 |         this.emit("lock", performance.now() - started, operation, code);
    > 164 |       throw new DatabaseError(code);
          |             ^
      165 |     }
      166 |   }
      167 |

      at PostgresDatabase.execute (apps/api/src/infrastructure/database/transaction/postgres-database.ts:164:13)
      at PostgresDatabase.query (apps/api/src/infrastructure/database/transaction/postgres-database.ts:180:16)
      at PostgresAssessmentRetentionRepository.pruneReceipts (apps/api/src/modules/assessment/infrastructure/persistence/postgres-assessment-retention.repository.ts:9:7)
      at apps/api/src/infrastructure/database/transaction/postgres-database.ts:233:24
      at PostgresDatabase.transaction (apps/api/src/infrastructure/database/transaction/postgres-database.ts:232:14)
      at AssessmentRetention.runOnce (apps/api/src/modules/assessment/application/services/assessment-retention.ts:28:22)
      at Object.<anonymous> (apps/api/tests/integration/assessment-retention.spec.ts:341:12)

Test Suites: 1 failed, 1 total
Tests:       1 failed, 12 skipped, 13 total
Snapshots:   0 total
Time:        2.856 s
Ran all test suites within paths "apps/api/tests/integration/assessment-retention.spec.ts".

