
> online-examination-platform@0.1.0 test:integration
> node --experimental-vm-modules node_modules/jest/bin/jest.js --config jest.integration.cjs --runInBand --globalSetup /private/tmp/retention-validation-env.cjs --runTestsByPath apps/api/tests/integration/assessment-retention.spec.ts

(node:57236) ExperimentalWarning: VM Modules is an experimental feature and might change at any time
(Use `node --trace-warnings ...` to show where the warning was created)
FAIL apps/api/tests/integration/assessment-retention.spec.ts (11.749 s)
  ● Completed payload withdrawal › keeps projections correct while a new completion and purge contend on actual counter locks

    DatabaseError: Database operation failed

      162 |       if (operation === "lock.acquire")
      163 |         this.emit("lock", performance.now() - started, operation, code);
    > 164 |       throw new DatabaseError(code);
          |             ^
      165 |     }
      166 |   }
      167 |

      at PostgresDatabase.execute (apps/api/src/infrastructure/database/transaction/postgres-database.ts:164:13)
      at apps/api/src/infrastructure/database/transaction/postgres-database.ts:240:30
      at PostgresDatabase.transaction (apps/api/src/infrastructure/database/transaction/postgres-database.ts:232:14)
      at AssessmentRetention.runOnce (apps/api/src/modules/assessment/application/services/assessment-retention.ts:32:22)
      at Object.<anonymous> (apps/api/tests/integration/assessment-retention.spec.ts:441:14)

  ● Completed payload withdrawal › withdraws answers/results, recomputes surviving rank/statistics and hides every Candidate projection

    DatabaseError: Database operation failed

      162 |       if (operation === "lock.acquire")
      163 |         this.emit("lock", performance.now() - started, operation, code);
    > 164 |       throw new DatabaseError(code);
          |             ^
      165 |     }
      166 |   }
      167 |

      at PostgresDatabase.execute (apps/api/src/infrastructure/database/transaction/postgres-database.ts:164:13)
      at apps/api/src/infrastructure/database/transaction/postgres-database.ts:240:30
      at PostgresDatabase.transaction (apps/api/src/infrastructure/database/transaction/postgres-database.ts:232:14)
      at AssessmentRetention.runOnce (apps/api/src/modules/assessment/application/services/assessment-retention.ts:32:22)
      at Object.<anonymous> (apps/api/tests/integration/assessment-retention.spec.ts:463:12)

  ● Completed payload withdrawal › protects young completion, recent receipt, unresolved failure and pending delivery before picking another due row

    DatabaseError: Database operation failed

      162 |       if (operation === "lock.acquire")
      163 |         this.emit("lock", performance.now() - started, operation, code);
    > 164 |       throw new DatabaseError(code);
          |             ^
      165 |     }
      166 |   }
      167 |

      at PostgresDatabase.execute (apps/api/src/infrastructure/database/transaction/postgres-database.ts:164:13)
      at apps/api/src/infrastructure/database/transaction/postgres-database.ts:240:30
      at PostgresDatabase.transaction (apps/api/src/infrastructure/database/transaction/postgres-database.ts:232:14)
      at AssessmentRetention.runOnce (apps/api/src/modules/assessment/application/services/assessment-retention.ts:32:22)
      at Object.<anonymous> (apps/api/tests/integration/assessment-retention.spec.ts:561:13)

  ● Completed payload withdrawal › serializes competing workers and preserves duplicate/source/DLQ fences after purge

    DatabaseError: Database operation failed

      162 |       if (operation === "lock.acquire")
      163 |         this.emit("lock", performance.now() - started, operation, code);
    > 164 |       throw new DatabaseError(code);
          |             ^
      165 |     }
      166 |   }
      167 |

      at PostgresDatabase.execute (apps/api/src/infrastructure/database/transaction/postgres-database.ts:164:13)
      at apps/api/src/infrastructure/database/transaction/postgres-database.ts:240:30
      at PostgresDatabase.transaction (apps/api/src/infrastructure/database/transaction/postgres-database.ts:232:14)
      at AssessmentRetention.runOnce (apps/api/src/modules/assessment/application/services/assessment-retention.ts:32:22)
          at async Promise.all (index 0)
      at Object.<anonymous> (apps/api/tests/integration/assessment-retention.spec.ts:588:21)

  ● Completed payload withdrawal › skips a locked oldest row and drains it on a later tick

    DatabaseError: Database operation failed

      162 |       if (operation === "lock.acquire")
      163 |         this.emit("lock", performance.now() - started, operation, code);
    > 164 |       throw new DatabaseError(code);
          |             ^
      165 |     }
      166 |   }
      167 |

      at PostgresDatabase.execute (apps/api/src/infrastructure/database/transaction/postgres-database.ts:164:13)
      at apps/api/src/infrastructure/database/transaction/postgres-database.ts:240:30
      at PostgresDatabase.transaction (apps/api/src/infrastructure/database/transaction/postgres-database.ts:232:14)
      at AssessmentRetention.runOnce (apps/api/src/modules/assessment/application/services/assessment-retention.ts:32:22)
      at Object.<anonymous> (apps/api/tests/integration/assessment-retention.spec.ts:615:15)

  ● Completed payload withdrawal › survives a lost COMMIT acknowledgement without another effect on restart

    expect(received).rejects.toThrow(expected)

    Expected substring: "lost commit"
    Received message:   "Database operation failed"

          162 |       if (operation === "lock.acquire")
          163 |         this.emit("lock", performance.now() - started, operation, code);
        > 164 |       throw new DatabaseError(code);
              |             ^
          165 |     }
          166 |   }
          167 |

      at PostgresDatabase.execute (apps/api/src/infrastructure/database/transaction/postgres-database.ts:164:13)
      at apps/api/src/infrastructure/database/transaction/postgres-database.ts:240:30
      at PostgresDatabase.transaction (apps/api/src/infrastructure/database/transaction/postgres-database.ts:232:14)
      at Proxy.<anonymous> (apps/api/tests/integration/assessment-retention.spec.ts:697:28)
      at AssessmentRetention.runOnce (apps/api/src/modules/assessment/application/services/assessment-retention.ts:32:22)
      at Object.<anonymous> (apps/api/tests/integration/assessment-retention.spec.ts:705:5)
      at Object.toThrow (node_modules/expect/build/index.js:2155:20)
      at Object.<anonymous> (apps/api/tests/integration/assessment-retention.spec.ts:705:59)

  ● Completed payload withdrawal › purges the maximum500-question/5000-selection payload in one bounded attempt transaction

    DatabaseError: Database operation failed

      162 |       if (operation === "lock.acquire")
      163 |         this.emit("lock", performance.now() - started, operation, code);
    > 164 |       throw new DatabaseError(code);
          |             ^
      165 |     }
      166 |   }
      167 |

      at PostgresDatabase.execute (apps/api/src/infrastructure/database/transaction/postgres-database.ts:164:13)
      at apps/api/src/infrastructure/database/transaction/postgres-database.ts:240:30
      at PostgresDatabase.transaction (apps/api/src/infrastructure/database/transaction/postgres-database.ts:232:14)
      at AssessmentRetention.runOnce (apps/api/src/modules/assessment/application/services/assessment-retention.ts:32:22)
      at Object.<anonymous> (apps/api/tests/integration/assessment-retention.spec.ts:716:16)

  ● Compiled one-shot retention › drains a locked purge on SIGTERM and stops before admitting the next attempt

    expect(received).toBe(expected) // Object.is equality

    Expected: 0
    Received: 1

      774 |       await waiting(async () => output.includes("retention.stopping"));
      775 |       await held.query("ROLLBACK");
    > 776 |       expect(await exited).toBe(0);
          |                            ^
      777 |       expect(output).toContain('"attempts":1');
      778 |       expect((await snapshot(old.id)).purged).toBe(true);
      779 |       expect((await snapshot(next.id)).purged).toBe(false);

      at Object.<anonymous> (apps/api/tests/integration/assessment-retention.spec.ts:776:28)

  ● Compiled one-shot retention › is disabled without database access and exits cleanly when explicitly enabled

    expect(received).toBe(expected) // Object.is equality

    Expected: 0
    Received: 1

      815 |     await complete(s);
      816 |     const enabled = await run(true);
    > 817 |     expect(enabled.code).toBe(0);
          |                          ^
      818 |     expect(enabled.output).toContain('"attempts":1');
      819 |     expect(enabled.output).not.toContain(f.user);
      820 |     expect(enabled.output).not.toContain(s.id);

      at Object.<anonymous> (apps/api/tests/integration/assessment-retention.spec.ts:817:26)

Test Suites: 1 failed, 1 total
Tests:       9 failed, 7 passed, 16 total
Snapshots:   0 total
Time:        11.795 s
Ran all test suites within paths "apps/api/tests/integration/assessment-retention.spec.ts".

