
> online-examination-platform@0.1.0 test
> npm run test:api && npm run test:tooling && npm run web:test


> online-examination-platform@0.1.0 test:api
> node --experimental-vm-modules node_modules/jest/bin/jest.js --runInBand

(node:57304) ExperimentalWarning: VM Modules is an experimental feature and might change at any time
(Use `node --trace-warnings ...` to show where the warning was created)

Test Suites: 33 passed, 33 total
Tests:       238 passed, 238 total
Snapshots:   0 total
Time:        3.181 s, estimated 6 s
Ran all test suites.

> online-examination-platform@0.1.0 test:tooling
> node --test scripts/__tests__/*.unit.spec.mjs

✔ generates latency summary from its own raw run rather than a previous run (0.700292ms)
✔ absent transaction samples remain not measured and zero-valued evidence is rejected (0.82425ms)
✔ freezing an existing evidence directory cannot replace its raw sample or summary (14.888875ms)
✔ validates the complete OpenAPI contract and its payload examples (182.273958ms)
✔ verification is an explicit public POST with a bounded one-use token and final password (1.256875ms)
✔ signed token contract keeps access and refresh separate and PostgreSQL authoritative (3.129625ms)
✔ contract checks reject a refresh audience reused for access (1.162083ms)
✔ email login rejects alternate usernames and Session rejects raw credential fields (0.371958ms)
✔ email schemas reject non-ASCII identifiers consistently with the PostgreSQL identity policy (0.2655ms)
✔ accepts a submitted event and rejects answer data anywhere in it (0.431417ms)
✔ rejects an event for another aggregate, schema version or invalid timestamp (0.129958ms)
✔ candidate question schema rejects keys and explanation leaks (0.131375ms)
✔ rejects non-finite timestamps rather than treating them as a manual submission (0.097541ms)
✔ save contract accepts clearing and rejects duplicate options and oversized batches (0.120583ms)
✔ rejects an admin operation made public even when the document remains valid OpenAPI (1.114833ms)
✔ does not allow an admin route to inherit a public operation name (1.024083ms)
✔ rejects a critical mutation without an idempotency header (0.960334ms)
✔ rejects unsafe browser operations without Origin or CSRF contract (0.975291ms)
✔ rejects undocumented owners, acceptance cases and unbounded list pagination (0.956417ms)
✔ calibrates database UTC to local wall clock with a round-trip uncertainty bound (4.132625ms)
✔ commit acknowledgement includes persistence delay separately from acceptance lag (0.211833ms)
✔ does not turn absent observations into zero latency (0.082ms)
✔ packages immutable SQL bytes and ordered filenames independently of process cwd (17.592541ms)
✔ fails build rather than silently packaging missing or symlinked migrations (6.790292ms)
✔ finds forbidden external, dynamic and re-export imports while ignoring comments (4.358709ms)
✔ detects module-private and same-module infrastructure access from application (0.698625ms)
✔ permits a public application capability and infrastructure driver adapter (0.621167ms)
✔ extracts real local links but excludes fenced examples and external URLs (0.324375ms)
✔ resolves repeated headings and ignores code-fence pseudo-headings (0.501166ms)
✔ checks TypeScript import types and import-equals dependencies (0.538666ms)
✔ rejects Node network imports with or without node prefix (0.177291ms)
✔ checks technical folder barrel imports without a trailing slash (0.191584ms)
✔ keeps platform technical and presentation independent of infrastructure (0.381166ms)
✔ keeps domain independent of application orchestration (0.218125ms)
✔ rejects outer helpers, config and workers in business layers, including barrels and type imports (0.344959ms)
✔ keeps all global technical roots independent from business modules (0.274667ms)
✔ permits explicit public capabilities while rejecting private application imports (0.206333ms)
✔ requires module composition to use explicit public capabilities of another module (0.230584ms)
✔ rejects legacy placement after normalization closes (0.127083ms)
✔ prevents business dependencies hidden behind shared root barrels or unsupported aliases (0.22425ms)
✔ allows only the reviewed Catalog worker composition boundary (0.267541ms)
ℹ tests 41
ℹ suites 0
ℹ pass 41
ℹ fail 0
ℹ cancelled 0
ℹ skipped 0
ℹ todo 0
ℹ duration_ms 311.227375

> online-examination-platform@0.1.0 web:test
> npm --prefix apps/web test


> @exam/web@0.1.0 test
> vitest run


 RUN  v5.0.3 /Users/trankhanh/MyFolder/ResearchProjects/NestJS/online-examination-platform/apps/web


 Test Files  24 passed (24)
      Tests  96 passed (96)
   Start at  14:28:27
   Duration  4.46s (environment 56%, tests 23%, transform 10%, import 10%)

Environment  jsdom was created 24 times · 15.50s total, 56% of tracked time
             create it once per worker with pool: 'vmThreads' (keeps per-file isolation) or isolate: false (shares it across files)
             learn more: https://vitest.dev/guide/improving-performance#test-environments


