
> @exam/web@0.1.0 test:e2e
> playwright test


Running 16 tests using 1 worker

(node:84690) Warning: The 'NO_COLOR' env is ignored due to the 'FORCE_COLOR' env being set.
(Use `node --trace-warnings ...` to show where the warning was created)
  ✓   1 [chromium] › e2e/browser.spec.ts:59:3 › demo › public pages at five widths (4.2s)
  ✓   2 [chromium] › e2e/browser.spec.ts:88:3 › demo › exam save, conflict, frozen attempt and result (4.7s)
  ✓   3 [chromium] › e2e/browser.spec.ts:141:3 › demo › admin permission boundary and honest metrics (4.8s)
  ✓   4 [chromium] › e2e/browser.spec.ts:171:3 › live › does not fall back to demo data (1.1s)
  ✓   5 [chromium] › e2e/foundation.e2e-spec.ts:11:1 › public mobile menu closes on Escape and restores trigger focus (224ms)
  ✓   6 [chromium] › e2e/foundation.e2e-spec.ts:31:1 › candidate mobile navigation closes after choosing a route and shows its active link (373ms)
  ✓   7 [chromium] › e2e/foundation.e2e-spec.ts:55:1 › admin mobile menu preserves capability filtering and logout (2.8s)
  ✘   8 [chromium] › e2e/foundation.e2e-spec.ts:83:1 › shared controls support keyboard entry, table scrolling and dialog focus (12.5s)
(node:85268) Warning: The 'NO_COLOR' env is ignored due to the 'FORCE_COLOR' env being set.
(Use `node --trace-warnings ...` to show where the warning was created)
  ✓   9 [chromium] › e2e/public-experience.e2e-spec.ts:30:5 › public experience demo › homepage renders 3D, fits five widths and supports motion pause (2.0s)
  ✓  10 [chromium] › e2e/public-experience.e2e-spec.ts:64:5 › public experience demo › public sample works without business requests and leads to registration (3.6s)
  ✓  11 [chromium] › e2e/public-experience.e2e-spec.ts:130:5 › public experience demo › fallback and keyboard navigation remain useful (1.1s)
  ✓  12 [chromium] › e2e/public-experience.e2e-spec.ts:160:5 › public experience demo › 3D stops when paused or offscreen and recovers after context loss (2.0s)
  ✓  13 [chromium] › e2e/public-experience.e2e-spec.ts:30:5 › public experience live › homepage renders 3D, fits five widths and supports motion pause (1.8s)
  ✓  14 [chromium] › e2e/public-experience.e2e-spec.ts:64:5 › public experience live › public sample works without business requests and leads to registration (3.0s)
  ✓  15 [chromium] › e2e/public-experience.e2e-spec.ts:130:5 › public experience live › fallback and keyboard navigation remain useful (1.1s)
  ✓  16 [chromium] › e2e/public-experience.e2e-spec.ts:160:5 › public experience live › 3D stops when paused or offscreen and recovers after context loss (2.0s)


  1) [chromium] › e2e/foundation.e2e-spec.ts:83:1 › shared controls support keyboard entry, table scrolling and dialog focus 

    Error: expect(locator).toHaveValue(expected) failed

    Locator:  getByLabel('Danh mục mẫu')
    Expected: "TOEIC"
    Received: "IT_CERTIFICATION"
    Timeout:  12000ms

    Call log:
      - Expect "toHaveValue" getByLabel('Danh mục mẫu') with timeout 12000ms
      - waiting for getByLabel('Danh mục mẫu')
        28 × locator resolved to <select id="_r_9_">…</select>
           - unexpected value "IT_CERTIFICATION"


      103 |   await expect(select).toBeFocused();
      104 |   await page.keyboard.press("ArrowDown");
    > 105 |   await expect(select).toHaveValue("TOEIC");
          |                        ^
      106 |   await page.keyboard.press("Tab");
      107 |   await expect(page.getByLabel("Nội dung mẫu")).toBeFocused();
      108 |   await page.keyboard.press("End");
        at /Users/trankhanh/MyFolder/ResearchProjects/NestJS/online-examination-platform/apps/web/e2e/foundation.e2e-spec.ts:105:24

    attachment #1: screenshot (image/png) ──────────────────────────────────────────────────────────
    test-results/foundation.e2e-spec.ts-sha-61e34--scrolling-and-dialog-focus-chromium/test-failed-1.png
    ────────────────────────────────────────────────────────────────────────────────────────────────

    Error Context: test-results/foundation.e2e-spec.ts-sha-61e34--scrolling-and-dialog-focus-chromium/error-context.md

    attachment #3: trace (application/zip) ─────────────────────────────────────────────────────────
    test-results/foundation.e2e-spec.ts-sha-61e34--scrolling-and-dialog-focus-chromium/trace.zip
    Usage:

        npx playwright show-trace test-results/foundation.e2e-spec.ts-sha-61e34--scrolling-and-dialog-focus-chromium/trace.zip

    ────────────────────────────────────────────────────────────────────────────────────────────────

  1 failed
    [chromium] › e2e/foundation.e2e-spec.ts:83:1 › shared controls support keyboard entry, table scrolling and dialog focus 
  15 passed (48.8s)
