
> @exam/web@0.1.0 test
> vitest run src/shared/ui/__tests__/fields.unit.spec.ts


 RUN  v5.0.3 /Users/trankhanh/MyFolder/ResearchProjects/NestJS/online-examination-platform/apps/web

 ❯ src/shared/ui/__tests__/fields.unit.spec.ts (3 tests | 3 failed) 80ms
   ❯ shared form fields (3)
     × keeps a supplied input id associated with its visible label and helper 23ms
     × associates a textarea validation error with its field 4ms
     × keeps the password visibility control disabled with the field 53ms

⎯⎯⎯⎯⎯⎯⎯ Failed Tests 3 ⎯⎯⎯⎯⎯⎯⎯

 FAIL  src/shared/ui/__tests__/fields.unit.spec.ts > shared form fields > keeps a supplied input id associated with its visible label and helper
TestingLibraryElementError: Unable to find a label with the text of: Tên hiển thị

Ignored nodes: comments, script, style
[36m<body>[39m
  [36m<div>[39m
    [36m<label[39m
      [33mclass[39m=[32m"_field_f905bc"[39m
      [33mfor[39m=[32m"_r_0_"[39m
    [36m>[39m
      [36m<span>[39m
        [0mTên hiển thị[0m
      [36m</span>[39m
      [36m<input[39m
        [33maria-describedby[39m=[32m"name-help"[39m
        [33maria-invalid[39m=[32m"true"[39m
        [33mid[39m=[32m"display-name"[39m
      [36m/>[39m
      [36m<small[39m
        [33mid[39m=[32m"_r_0_-error"[39m
      [36m>[39m
        [0mTên quá dài[0m
      [36m</small>[39m
    [36m</label>[39m
  [36m</div>[39m
[36m</body>[39m
 ❯ Object.getElementError node_modules/@testing-library/dom/dist/config.js:37:19
 ❯ getAllByLabelText node_modules/@testing-library/dom/dist/queries/label-text.js:111:38
 ❯ node_modules/@testing-library/dom/dist/query-helpers.js:52:17
 ❯ node_modules/@testing-library/dom/dist/query-helpers.js:95:19
 ❯ src/shared/ui/__tests__/fields.unit.spec.ts:11:26
      9|   it("keeps a supplied input id associated with its visible label and …
     10|     render(createElement(TextField, { id: "display-name", label: "Tên …
     11|     const field = screen.getByLabelText("Tên hiển thị");
       |                          ^
     12|     expect(field.id).toBe("display-name");
     13|     expect(field.getAttribute("aria-describedby")?.split(" ")).toConta…

⎯⎯⎯⎯⎯⎯⎯⎯⎯⎯⎯⎯⎯⎯⎯⎯⎯⎯⎯⎯⎯⎯⎯⎯[1/3]⎯

 FAIL  src/shared/ui/__tests__/fields.unit.spec.ts > shared form fields > associates a textarea validation error with its field
AssertionError: expected '' not to be '' // Object.is equality
 ❯ src/shared/ui/__tests__/fields.unit.spec.ts:20:26
     18|     render(createElement(TextArea, { label: "Nội dung", error: "Nội du…
     19|     const error = screen.getByText("Nội dung vượt giới hạn");
     20|     expect(error.id).not.toBe("");
       |                          ^
     21|     expect(screen.getByLabelText("Nội dung").getAttribute("aria-descri…
     22|   });

⎯⎯⎯⎯⎯⎯⎯⎯⎯⎯⎯⎯⎯⎯⎯⎯⎯⎯⎯⎯⎯⎯⎯⎯[2/3]⎯

 FAIL  src/shared/ui/__tests__/fields.unit.spec.ts > shared form fields > keeps the password visibility control disabled with the field
AssertionError: expected false to be true // Object.is equality

- Expected
+ Received

- true
+ false

 ❯ src/shared/ui/__tests__/fields.unit.spec.ts:26:92
     24|   it("keeps the password visibility control disabled with the field", …
     25|     render(createElement(PasswordField, { label: "Mật khẩu", disabled:…
     26|     expect(screen.getByRole("button", { name: "Hiện mật khẩu" }).hasAt…
       |                                                                                            ^
     27|   });
     28| });

⎯⎯⎯⎯⎯⎯⎯⎯⎯⎯⎯⎯⎯⎯⎯⎯⎯⎯⎯⎯⎯⎯⎯⎯[3/3]⎯


 Test Files  1 failed (1)
      Tests  3 failed (3)
   Start at  17:04:51
   Duration  930ms (environment 71%, import 12%, tests 10%, transform 7%)

