
> online-examination-platform@0.1.0 test
> npm run test:api && npm run test:tooling && npm run web:test


> online-examination-platform@0.1.0 test:api
> node --experimental-vm-modules node_modules/jest/bin/jest.js --runInBand

(node:24709) ExperimentalWarning: VM Modules is an experimental feature and might change at any time
(Use `node --trace-warnings ...` to show where the warning was created)

Test Suites: 14 passed, 14 total
Tests:       94 passed, 94 total
Snapshots:   0 total
Time:        3.283 s, estimated 4 s
Ran all test suites.

> online-examination-platform@0.1.0 test:tooling
> node --test scripts/__tests__/*.unit.spec.mjs

✔ generates latency summary from its own raw run rather than a previous run (0.697875ms)
✔ absent transaction samples remain not measured and zero-valued evidence is rejected (0.815458ms)
✔ freezing an existing evidence directory cannot replace its raw sample or summary (7.302083ms)
✔ validates the complete OpenAPI contract and its payload examples (190.96375ms)
✔ verification is an explicit public POST with a bounded one-use token and final password (1.463625ms)
✔ signed token contract keeps access and refresh separate and PostgreSQL authoritative (3.159833ms)
✔ contract checks reject a refresh audience reused for access (1.068958ms)
✔ email login rejects alternate usernames and Session rejects raw credential fields (0.538917ms)
✔ email schemas reject non-ASCII identifiers consistently with the PostgreSQL identity policy (0.353166ms)
✔ accepts a submitted event and rejects answer data anywhere in it (0.5265ms)
✔ rejects an event for another aggregate, schema version or invalid timestamp (0.120416ms)
✔ candidate question schema rejects keys and explanation leaks (0.127375ms)
✔ rejects non-finite timestamps rather than treating them as a manual submission (0.121375ms)
✔ save contract accepts clearing and rejects duplicate options and oversized batches (0.120084ms)
✔ rejects an admin operation made public even when the document remains valid OpenAPI (1.075917ms)
✔ does not allow an admin route to inherit a public operation name (0.962791ms)
✔ rejects a critical mutation without an idempotency header (0.937125ms)
✔ rejects unsafe browser operations without Origin or CSRF contract (0.96075ms)
✔ rejects undocumented owners, acceptance cases and unbounded list pagination (0.949875ms)
✔ packages immutable SQL bytes and ordered filenames independently of process cwd (8.422209ms)
✔ fails build rather than silently packaging missing or symlinked migrations (2.57575ms)
✔ finds forbidden external, dynamic and re-export imports while ignoring comments (4.494916ms)
✔ detects module-private and same-module infrastructure access from application (0.643375ms)
✔ permits a public application capability and infrastructure driver adapter (0.594ms)
✔ extracts real local links but excludes fenced examples and external URLs (0.319959ms)
✔ resolves repeated headings and ignores code-fence pseudo-headings (0.513042ms)
✔ checks TypeScript import types and import-equals dependencies (0.576667ms)
✔ rejects Node network imports with or without node prefix (0.39475ms)
✔ checks technical folder barrel imports without a trailing slash (0.329667ms)
✔ keeps platform technical and presentation independent of infrastructure (0.570917ms)
✔ keeps domain independent of application orchestration (1.853958ms)
✔ rejects outer helpers, config and workers in business layers, including barrels and type imports (0.521833ms)
✔ keeps all global technical roots independent from business modules (0.306625ms)
✔ permits explicit public capabilities while rejecting private application imports (0.253125ms)
✔ requires module composition to use explicit public capabilities of another module (2.288625ms)
✔ rejects legacy placement after normalization closes (1.154833ms)
✔ prevents business dependencies hidden behind shared root barrels or unsupported aliases (0.388167ms)
ℹ tests 37
ℹ suites 0
ℹ pass 37
ℹ fail 0
ℹ cancelled 0
ℹ skipped 0
ℹ todo 0
ℹ duration_ms 304.252833

> online-examination-platform@0.1.0 web:test
> npm --prefix apps/web test


> @exam/web@0.1.0 test
> vitest run


 RUN  v5.0.3 /Users/trankhanh/MyFolder/ResearchProjects/NestJS/online-examination-platform/apps/web


 Test Files  22 passed (22)
      Tests  86 passed (86)
   Start at  23:19:52
   Duration  3.68s (environment 65%, tests 15%, import 11%, transform 9%)

Environment  jsdom was created 22 times · 13.66s total, 65% of tracked time
             create it once per worker with pool: 'vmThreads' (keeps per-file isolation) or isolate: false (shares it across files)
             learn more: https://vitest.dev/guide/improving-performance#test-environments

