
> online-examination-platform@0.1.0 test:identity:https
> node scripts/identity-https.mjs


> online-examination-platform@0.1.0 build
> node scripts/build.mjs


> online-examination-platform@0.1.0 web:build
> npm --prefix apps/web run build


> @exam/web@0.1.0 build
> tsc -p tsconfig.json --noEmit && vite build --mode live

vite v8.3.3 building client environment for live...
transforming...
✓ 246 modules transformed.
rendering chunks...
computing gzip size...
dist/index.html                                                   0.88 kB │ gzip:   0.50 kB
dist/assets/noto-sans-vietnamese-400-normal-D2wP-Vm-.woff2        5.31 kB
dist/assets/noto-sans-vietnamese-500-normal-B_DgfjT4.woff2        5.72 kB
dist/assets/noto-sans-vietnamese-600-normal-mhyQDSzg.woff2        5.83 kB
dist/assets/source-sans-3-vietnamese-700-normal-Bgamivog.woff2    6.13 kB
dist/assets/source-sans-3-vietnamese-600-normal-B2sTNYey.woff2    6.22 kB
dist/assets/noto-sans-latin-400-normal-BTkUljjl.woff2            13.12 kB
dist/assets/noto-sans-latin-500-normal-DCA2Z9Cj.woff2            13.49 kB
dist/assets/noto-sans-latin-600-normal-Dkgu5AE5.woff2            13.49 kB
dist/assets/source-sans-3-latin-700-normal-CkzU-mV9.woff2        15.59 kB
dist/assets/source-sans-3-latin-600-normal-DeckBYAU.woff2        15.66 kB
dist/assets/memory-BgSLLubf.css                                   4.31 kB │ gzip:   1.31 kB
dist/assets/runtime-DHxfIuBN.css                                  5.21 kB │ gzip:   1.30 kB
dist/assets/exam-room-CVBiBebz.css                                6.07 kB │ gzip:   1.68 kB
dist/assets/index-CxF607CL.css                                    6.93 kB │ gzip:   1.79 kB
dist/assets/result-pages-lcSmu8t1.css                             8.12 kB │ gzip:   1.92 kB
dist/assets/admin-ui-BmXzeSbx.css                                 9.27 kB │ gzip:   2.07 kB
dist/assets/sample-experience-DeOYkbge.css                        9.86 kB │ gzip:   2.20 kB
dist/assets/mount-D3HTjEMD.css                                   31.57 kB │ gzip:   6.27 kB
dist/assets/protected-access-BfCOQvaY.js                          0.34 kB │ gzip:   0.26 kB
dist/assets/progress-CrhD1lsq.js                                  0.37 kB │ gzip:   0.29 kB
dist/assets/polling-DFBeh31A.js                                   0.50 kB │ gzip:   0.30 kB
dist/assets/mutation-intent-DIWikAAn.js                           0.69 kB │ gzip:   0.33 kB
dist/assets/gate-1LZxGN5Q.js                                      0.85 kB │ gzip:   0.56 kB
dist/assets/memory-CBxZ1N_L.js                                    1.55 kB │ gzip:   0.73 kB
dist/assets/admin-ui-I75uJsWZ.js                                  2.41 kB │ gzip:   1.10 kB
dist/assets/index-DR2WfiIt.js                                     2.71 kB │ gzip:   1.36 kB
dist/assets/admin-layout-B-Ap-nyD.js                              4.28 kB │ gzip:   1.74 kB
dist/assets/admin-import-CDB_ZeLc.js                              7.14 kB │ gzip:   2.67 kB
dist/assets/runtime-BRMD_xq5.js                                   7.37 kB │ gzip:   2.60 kB
dist/assets/admin-insights-Djs9hk_l.js                            8.05 kB │ gzip:   2.83 kB
dist/assets/sample-experience-CSyZGQJb.js                        10.39 kB │ gzip:   3.46 kB
dist/assets/admin-questions-_AiGuQrE.js                          11.88 kB │ gzip:   4.27 kB
dist/assets/admin-monitor-B9Prhx-l.js                            13.71 kB │ gzip:   4.47 kB
dist/assets/result-pages-DgG6GEiQ.js                             20.04 kB │ gzip:   5.80 kB
dist/assets/admin-exams-7Ribzp7B.js                              21.35 kB │ gzip:   6.84 kB
dist/assets/format-Dpj8ftVJ.js                                   23.94 kB │ gzip:   8.24 kB
dist/assets/exam-room-D5-CIGhc.js                                32.28 kB │ gzip:   9.93 kB
dist/assets/use-title-d40RfzBE.js                               100.96 kB │ gzip:  33.28 kB
dist/assets/mount-CLk1GEAr.js                                   305.66 kB │ gzip:  92.07 kB
dist/assets/mount-scene-DL16NffI.js                             520.18 kB │ gzip: 132.21 kB

✓ built in 317ms
 Container examination-identity-https-postgres-1 Running 
 Container examination-identity-https-mailpit-1 Starting 
 Container examination-identity-https-mailpit-1 Started 
 Container examination-identity-https-postgres-1 Waiting 
 Container examination-identity-https-mailpit-1 Waiting 
 Container examination-identity-https-postgres-1 Healthy 
 Container examination-identity-https-mailpit-1 Healthy 

> @exam/web@0.1.0 test:identity:https
> playwright test --config playwright.identity-https.config.ts

PASSED H01 TLS validation, security headers and API 404 outside SPA
PASSED H02 register, coalesced resend, inert verification, final password and replay
PASSED H03 missing, malformed and expired verification links never activate
PASSED H04 exact Origin and signed cookie/header CSRF remain mandatory
PASSED H05 two shared-cookie tabs refresh once, preserve conflicts, survive API restart and logout
PASSED H06 lost refresh ACK does not replay, explicit login restores future refresh
PASSED H07 lost logout ACK accepts a fresh CSRF token with the retained revoked cookie
PASSED H08 committed profile lost ACK retries its receipt without a second write
PASSED H09 database disable takes effect in the browser on the next request
PASSED H10 response-body stall times out and preserves the committed profile receipt
 Container examination-identity-https-postgres-1 Stopping 
 Container examination-identity-https-mailpit-1 Stopping 
 Container examination-identity-https-postgres-1 Stopped 
 Container examination-identity-https-mailpit-1 Stopped 
