
> online-examination-platform@0.1.0 test:integration
> node --experimental-vm-modules node_modules/jest/bin/jest.js --config jest.integration.cjs --runInBand --runTestsByPath apps/api/tests/integration/assessment.spec.ts -t Assessment review regressions

(node:62147) ExperimentalWarning: VM Modules is an experimental feature and might change at any time
(Use `node --trace-warnings ...` to show where the warning was created)
FAIL apps/api/tests/integration/assessment.spec.ts (6.412 s)
  ● Assessment review regressions on restricted PostgreSQL › AR-05 respects the existing auth-inclusive write query ceilings

    expect(received).toBeLessThanOrEqual(expected)

    Expected: <= 12
    Received:    13

      2778 |       expect(saved.statusCode).toBe(200);
      2779 |       expect(submitted.statusCode).toBe(202);
    > 2780 |       expect(startCount).toBeLessThanOrEqual(12);
           |                          ^
      2781 |       expect(saveCount).toBeLessThanOrEqual(11);
      2782 |       expect(submitCount).toBeLessThanOrEqual(10);
      2783 |     });

      at apps/api/tests/integration/assessment.spec.ts:2780:26
      at withHttp (apps/api/tests/integration/assessment.spec.ts:335:5)
      at Object.<anonymous> (apps/api/tests/integration/assessment.spec.ts:2749:5)

Test Suites: 1 failed, 1 total
Tests:       1 failed, 10 skipped, 11 passed, 22 total
Snapshots:   0 total
Time:        6.757 s
Ran all test suites within paths "apps/api/tests/integration/assessment.spec.ts".
