
> online-examination-platform@0.1.0 test
> npm run test:api && npm run test:tooling && npm run web:test


> online-examination-platform@0.1.0 test:api
> node --experimental-vm-modules node_modules/jest/bin/jest.js --runInBand

(node:66687) ExperimentalWarning: VM Modules is an experimental feature and might change at any time
(Use `node --trace-warnings ...` to show where the warning was created)

Test Suites: 15 passed, 15 total
Tests:       104 passed, 104 total
Snapshots:   0 total
Time:        2.697 s, estimated 3 s
Ran all test suites.

> online-examination-platform@0.1.0 test:tooling
> node --test scripts/__tests__/*.unit.spec.mjs

✔ generates latency summary from its own raw run rather than a previous run (0.756625ms)
✔ absent transaction samples remain not measured and zero-valued evidence is rejected (0.961458ms)
✔ freezing an existing evidence directory cannot replace its raw sample or summary (6.941167ms)
✔ validates the complete OpenAPI contract and its payload examples (179.695541ms)
✔ verification is an explicit public POST with a bounded one-use token and final password (1.530667ms)
✔ signed token contract keeps access and refresh separate and PostgreSQL authoritative (3.12325ms)
✔ contract checks reject a refresh audience reused for access (1.125125ms)
✔ email login rejects alternate usernames and Session rejects raw credential fields (0.276542ms)
✔ email schemas reject non-ASCII identifiers consistently with the PostgreSQL identity policy (0.237166ms)
✔ accepts a submitted event and rejects answer data anywhere in it (0.400542ms)
✔ rejects an event for another aggregate, schema version or invalid timestamp (0.113625ms)
✔ candidate question schema rejects keys and explanation leaks (0.1205ms)
✔ rejects non-finite timestamps rather than treating them as a manual submission (0.093917ms)
✔ save contract accepts clearing and rejects duplicate options and oversized batches (0.119209ms)
✔ rejects an admin operation made public even when the document remains valid OpenAPI (1.522083ms)
✔ does not allow an admin route to inherit a public operation name (1.24075ms)
✔ rejects a critical mutation without an idempotency header (1.098834ms)
✔ rejects unsafe browser operations without Origin or CSRF contract (0.987416ms)
✔ rejects undocumented owners, acceptance cases and unbounded list pagination (1.019333ms)
✔ packages immutable SQL bytes and ordered filenames independently of process cwd (7.572791ms)
✔ fails build rather than silently packaging missing or symlinked migrations (2.780459ms)
✔ finds forbidden external, dynamic and re-export imports while ignoring comments (4.486084ms)
✔ detects module-private and same-module infrastructure access from application (0.724625ms)
✔ permits a public application capability and infrastructure driver adapter (0.638375ms)
✔ extracts real local links but excludes fenced examples and external URLs (0.340791ms)
✔ resolves repeated headings and ignores code-fence pseudo-headings (0.609584ms)
✔ checks TypeScript import types and import-equals dependencies (0.58875ms)
✔ rejects Node network imports with or without node prefix (0.183875ms)
✔ checks technical folder barrel imports without a trailing slash (0.184625ms)
✔ keeps platform technical and presentation independent of infrastructure (0.364ms)
✔ keeps domain independent of application orchestration (0.221209ms)
✔ rejects outer helpers, config and workers in business layers, including barrels and type imports (0.636416ms)
✔ keeps all global technical roots independent from business modules (0.367583ms)
✔ permits explicit public capabilities while rejecting private application imports (0.246625ms)
✔ requires module composition to use explicit public capabilities of another module (0.2695ms)
✔ rejects legacy placement after normalization closes (0.13725ms)
✔ prevents business dependencies hidden behind shared root barrels or unsupported aliases (0.271958ms)
ℹ tests 37
ℹ suites 0
ℹ pass 37
ℹ fail 0
ℹ cancelled 0
ℹ skipped 0
ℹ todo 0
ℹ duration_ms 292.345

> online-examination-platform@0.1.0 web:test
> npm --prefix apps/web test


> @exam/web@0.1.0 test
> vitest run


 RUN  v5.0.3 /Users/trankhanh/MyFolder/ResearchProjects/NestJS/online-examination-platform/apps/web


 Test Files  23 passed (23)
      Tests  93 passed (93)
   Start at  09:39:56
   Duration  3.90s (environment 60%, tests 21%, import 10%, transform 9%)

Environment  jsdom was created 23 times · 13.87s total, 60% of tracked time
             create it once per worker with pool: 'vmThreads' (keeps per-file isolation) or isolate: false (shares it across files)
             learn more: https://vitest.dev/guide/improving-performance#test-environments

