
> @exam/web@0.1.0 build:demo
> tsc -p tsconfig.json --noEmit && vite build --mode demo

vite v8.3.3 building client environment for demo...
transforming...
✓ 199 modules transformed.
rendering chunks...
computing gzip size...
dist-demo/index.html                                                   0.88 kB │ gzip:   0.49 kB
dist-demo/assets/noto-sans-vietnamese-400-normal-D2wP-Vm-.woff2        5.31 kB
dist-demo/assets/noto-sans-vietnamese-500-normal-B_DgfjT4.woff2        5.72 kB
dist-demo/assets/noto-sans-vietnamese-600-normal-mhyQDSzg.woff2        5.83 kB
dist-demo/assets/source-sans-3-vietnamese-700-normal-Bgamivog.woff2    6.13 kB
dist-demo/assets/source-sans-3-vietnamese-600-normal-B2sTNYey.woff2    6.22 kB
dist-demo/assets/noto-sans-latin-400-normal-BTkUljjl.woff2            13.12 kB
dist-demo/assets/noto-sans-latin-500-normal-DCA2Z9Cj.woff2            13.49 kB
dist-demo/assets/noto-sans-latin-600-normal-Dkgu5AE5.woff2            13.49 kB
dist-demo/assets/source-sans-3-latin-700-normal-CkzU-mV9.woff2        15.59 kB
dist-demo/assets/source-sans-3-latin-600-normal-DeckBYAU.woff2        15.66 kB
dist-demo/assets/index-Bx5cE_4t.css                                    5.25 kB │ gzip:   1.36 kB
dist-demo/assets/layout-DK5OPhcP.css                                   9.03 kB │ gzip:   2.18 kB
dist-demo/assets/sample-experience-DeOYkbge.css                        9.86 kB │ gzip:   2.20 kB
dist-demo/assets/mount-B9UB_6TG.css                                   15.47 kB │ gzip:   3.22 kB
dist-demo/assets/runtime-QsPQ6pRr.js                                   0.29 kB │ gzip:   0.22 kB
dist-demo/assets/progress-CrhD1lsq.js                                  0.37 kB │ gzip:   0.29 kB
dist-demo/assets/protected-access-BwCqb_nD.js                          0.39 kB │ gzip:   0.28 kB
dist-demo/assets/polling-DFBeh31A.js                                   0.50 kB │ gzip:   0.30 kB
dist-demo/assets/memory-Br0Xt8S5.js                                    0.59 kB │ gzip:   0.37 kB
dist-demo/assets/mutation-intent-DIWikAAn.js                           0.69 kB │ gzip:   0.33 kB
dist-demo/assets/gate-De5cAfL3.js                                      0.92 kB │ gzip:   0.59 kB
dist-demo/assets/dev-ui-CmgUYoJg.js                                    1.46 kB │ gzip:   0.73 kB
dist-demo/assets/admin-layout-Cwa1PpX9.js                              2.62 kB │ gzip:   1.08 kB
dist-demo/assets/index-CO9gdmir.js                                     2.72 kB │ gzip:   1.36 kB
dist-demo/assets/admin-import-tq8NNfP_.js                              5.31 kB │ gzip:   2.19 kB
dist-demo/assets/admin-insights-Dt5eX26o.js                            6.52 kB │ gzip:   2.46 kB
dist-demo/assets/admin-questions-JhAKN49d.js                           6.60 kB │ gzip:   2.68 kB
dist-demo/assets/layout.module-Dgsgh3vj.js                             7.87 kB │ gzip:   2.81 kB
dist-demo/assets/jsx-runtime-FKpBTzT_.js                               8.87 kB │ gzip:   3.40 kB
dist-demo/assets/admin-monitor-Bz74xnbE.js                             9.89 kB │ gzip:   3.66 kB
dist-demo/assets/sample-experience-BJ69-4q2.js                        10.43 kB │ gzip:   3.49 kB
dist-demo/assets/result-pages-BZMWJhDY.js                             10.65 kB │ gzip:   3.64 kB
dist-demo/assets/admin-exams-D_XXu8aA.js                              13.75 kB │ gzip:   4.87 kB
dist-demo/assets/format-B3OIyVjs.js                                   24.20 kB │ gzip:   8.35 kB
dist-demo/assets/exam-room-D6S6yHds.js                                29.25 kB │ gzip:   9.04 kB
dist-demo/assets/mount-D64uXEof.js                                   400.44 kB │ gzip: 122.53 kB
dist-demo/assets/mount-scene-DL16NffI.js                             520.18 kB │ gzip: 132.21 kB

✓ built in 221ms
