
> @exam/web@0.1.0 build
> tsc -p tsconfig.json --noEmit && vite build --mode live

vite v8.3.3 building client environment for live...
transforming...
✓ 198 modules transformed.
rendering chunks...
computing gzip size...
dist/index.html                                                   0.88 kB │ gzip:   0.49 kB
dist/assets/noto-sans-vietnamese-400-normal-D2wP-Vm-.woff2        5.31 kB
dist/assets/noto-sans-vietnamese-500-normal-B_DgfjT4.woff2        5.72 kB
dist/assets/noto-sans-vietnamese-600-normal-mhyQDSzg.woff2        5.83 kB
dist/assets/source-sans-3-vietnamese-700-normal-Bgamivog.woff2    6.13 kB
dist/assets/source-sans-3-vietnamese-600-normal-B2sTNYey.woff2    6.22 kB
dist/assets/noto-sans-latin-400-normal-BTkUljjl.woff2            13.12 kB
dist/assets/noto-sans-latin-500-normal-DCA2Z9Cj.woff2            13.49 kB
dist/assets/noto-sans-latin-600-normal-Dkgu5AE5.woff2            13.49 kB
dist/assets/source-sans-3-latin-700-normal-CkzU-mV9.woff2        15.59 kB
dist/assets/source-sans-3-latin-600-normal-DeckBYAU.woff2        15.66 kB
dist/assets/index-Bx5cE_4t.css                                    5.25 kB │ gzip:   1.36 kB
dist/assets/layout-DK5OPhcP.css                                   9.03 kB │ gzip:   2.18 kB
dist/assets/sample-experience-DeOYkbge.css                        9.86 kB │ gzip:   2.20 kB
dist/assets/mount-B8v016pj.css                                   15.08 kB │ gzip:   3.15 kB
dist/assets/progress-CrhD1lsq.js                                  0.37 kB │ gzip:   0.29 kB
dist/assets/protected-access-bYyC-hGh.js                          0.38 kB │ gzip:   0.28 kB
dist/assets/polling-DFBeh31A.js                                   0.50 kB │ gzip:   0.30 kB
dist/assets/memory-B-c5uFzl.js                                    0.59 kB │ gzip:   0.37 kB
dist/assets/mutation-intent-DIWikAAn.js                           0.69 kB │ gzip:   0.33 kB
dist/assets/gate-Bfr6DaUN.js                                      0.85 kB │ gzip:   0.56 kB
dist/assets/admin-layout-B-JPWRQf.js                              2.56 kB │ gzip:   1.05 kB
dist/assets/index-OA-VlPaQ.js                                     2.69 kB │ gzip:   1.34 kB
dist/assets/admin-import-DPzl2bun.js                              5.29 kB │ gzip:   2.17 kB
dist/assets/admin-insights-CJQ2955d.js                            6.49 kB │ gzip:   2.44 kB
dist/assets/admin-questions-BkiITXoU.js                           6.56 kB │ gzip:   2.69 kB
dist/assets/layout.module-CfKwYVIo.js                             8.09 kB │ gzip:   2.89 kB
dist/assets/admin-monitor-DZPjl2HG.js                             9.84 kB │ gzip:   3.64 kB
dist/assets/sample-experience-mrA0C-3j.js                        10.39 kB │ gzip:   3.46 kB
dist/assets/result-pages-DA8dT6RP.js                             10.61 kB │ gzip:   3.62 kB
dist/assets/admin-exams-CDYaXeHg.js                              13.73 kB │ gzip:   4.86 kB
dist/assets/format-B3iElrdZ.js                                   24.19 kB │ gzip:   8.34 kB
dist/assets/exam-room-Cx-PlaBb.js                                29.22 kB │ gzip:   9.03 kB
dist/assets/use-title-C8riTkCp.js                               100.96 kB │ gzip:  33.28 kB
dist/assets/mount-FXzDfonO.js                                   293.69 kB │ gzip:  88.52 kB
dist/assets/mount-scene-DL16NffI.js                             520.18 kB │ gzip: 132.21 kB

✓ built in 244ms
