
> @exam/web@0.1.0 test:e2e
> playwright test


Running 20 tests using 1 worker

(node:18428) Warning: The 'NO_COLOR' env is ignored due to the 'FORCE_COLOR' env being set.
(Use `node --trace-warnings ...` to show where the warning was created)
  ✓   1 [chromium] › e2e/assessment-results.e2e-spec.ts:11:1 › mobile room saves three native question types before submitting and opening released review (9.0s)
  ✓   2 [chromium] › e2e/assessment-results.e2e-spec.ts:58:1 › history and pseudonymous leaderboard remain keyboard scrollable on narrow screens (3.0s)
  ✓   3 [chromium] › e2e/browser.spec.ts:58:3 › demo › public pages at five widths (4.2s)
  ✓   4 [chromium] › e2e/browser.spec.ts:87:3 › demo › exam save, conflict, frozen attempt and result (4.9s)
  ✓   5 [chromium] › e2e/browser.spec.ts:140:3 › demo › admin permission boundary and honest metrics (4.8s)
  ✓   6 [chromium] › e2e/browser.spec.ts:170:3 › live › does not fall back to demo data (1.3s)
  ✓   7 [chromium] › e2e/foundation.e2e-spec.ts:11:1 › public mobile menu closes on Escape and restores trigger focus (275ms)
  ✓   8 [chromium] › e2e/foundation.e2e-spec.ts:31:1 › candidate mobile navigation closes after choosing a route and shows its active link (485ms)
  ✓   9 [chromium] › e2e/foundation.e2e-spec.ts:66:1 › admin mobile menu preserves capability filtering and logout (2.8s)
  ✓  10 [chromium] › e2e/foundation.e2e-spec.ts:94:1 › shared controls support keyboard entry, table scrolling and dialog focus (714ms)
  ✓  11 [chromium] › e2e/onboarding-catalog.e2e-spec.ts:3:1 › verification recovery and explicit confirmation remain usable on mobile (439ms)
  ✓  12 [chromium] › e2e/onboarding-catalog.e2e-spec.ts:26:1 › catalog filters, browser Back and detail cancellation preserve navigation (696ms)
(node:18830) Warning: The 'NO_COLOR' env is ignored due to the 'FORCE_COLOR' env being set.
(Use `node --trace-warnings ...` to show where the warning was created)
  ✓  13 [chromium] › e2e/public-experience.e2e-spec.ts:32:5 › public experience demo › homepage renders 3D, fits five widths and supports motion pause (2.4s)
  ✓  14 [chromium] › e2e/public-experience.e2e-spec.ts:66:5 › public experience demo › public sample works without business requests and leads to registration (3.5s)
  ✓  15 [chromium] › e2e/public-experience.e2e-spec.ts:132:5 › public experience demo › fallback and keyboard navigation remain useful (1.1s)
  ✓  16 [chromium] › e2e/public-experience.e2e-spec.ts:162:5 › public experience demo › 3D stops when paused or offscreen and recovers after context loss (2.2s)
  ✓  17 [chromium] › e2e/public-experience.e2e-spec.ts:32:5 › public experience live › homepage renders 3D, fits five widths and supports motion pause (2.0s)
  ✓  18 [chromium] › e2e/public-experience.e2e-spec.ts:66:5 › public experience live › public sample works without business requests and leads to registration (2.8s)
  ✓  19 [chromium] › e2e/public-experience.e2e-spec.ts:132:5 › public experience live › fallback and keyboard navigation remain useful (564ms)
  ✓  20 [chromium] › e2e/public-experience.e2e-spec.ts:162:5 › public experience live › 3D stops when paused or offscreen and recovers after context loss (2.1s)

  20 passed (50.5s)
