
> online-examination-platform@0.1.0 web:build
> npm --prefix apps/web run build


> @exam/web@0.1.0 build
> tsc -p tsconfig.json --noEmit && vite build --mode live

vite v8.3.3 building client environment for live...
transforming...
✓ 223 modules transformed.
rendering chunks...
computing gzip size...
dist/index.html                                                   0.88 kB │ gzip:   0.50 kB
dist/assets/noto-sans-vietnamese-400-normal-D2wP-Vm-.woff2        5.31 kB
dist/assets/noto-sans-vietnamese-500-normal-B_DgfjT4.woff2        5.72 kB
dist/assets/noto-sans-vietnamese-600-normal-mhyQDSzg.woff2        5.83 kB
dist/assets/source-sans-3-vietnamese-700-normal-Bgamivog.woff2    6.13 kB
dist/assets/source-sans-3-vietnamese-600-normal-B2sTNYey.woff2    6.22 kB
dist/assets/noto-sans-latin-400-normal-BTkUljjl.woff2            13.12 kB
dist/assets/noto-sans-latin-500-normal-DCA2Z9Cj.woff2            13.49 kB
dist/assets/noto-sans-latin-600-normal-Dkgu5AE5.woff2            13.49 kB
dist/assets/source-sans-3-latin-700-normal-CkzU-mV9.woff2        15.59 kB
dist/assets/source-sans-3-latin-600-normal-DeckBYAU.woff2        15.66 kB
dist/assets/exam-room-CVBiBebz.css                                6.07 kB │ gzip:   1.68 kB
dist/assets/index-CxF607CL.css                                    6.93 kB │ gzip:   1.79 kB
dist/assets/result-pages-lcSmu8t1.css                             8.12 kB │ gzip:   1.92 kB
dist/assets/layout-CK280gcp.css                                   9.53 kB │ gzip:   2.23 kB
dist/assets/sample-experience-DeOYkbge.css                        9.86 kB │ gzip:   2.20 kB
dist/assets/mount-D3HTjEMD.css                                   31.57 kB │ gzip:   6.27 kB
dist/assets/protected-access-CpkAG7VP.js                          0.35 kB │ gzip:   0.26 kB
dist/assets/progress-CrhD1lsq.js                                  0.37 kB │ gzip:   0.29 kB
dist/assets/polling-DFBeh31A.js                                   0.50 kB │ gzip:   0.30 kB
dist/assets/mutation-intent-DIWikAAn.js                           0.69 kB │ gzip:   0.33 kB
dist/assets/gate-CD9RJwYc.js                                      0.85 kB │ gzip:   0.56 kB
dist/assets/index-BFQ0S_Em.js                                     2.66 kB │ gzip:   1.32 kB
dist/assets/admin-layout-DXxj1zox.js                              2.81 kB │ gzip:   1.13 kB
dist/assets/admin-import-Cs-RWqWm.js                              5.29 kB │ gzip:   2.18 kB
dist/assets/admin-insights-DMhx7I0j.js                            6.50 kB │ gzip:   2.44 kB
dist/assets/admin-questions-CKjla__K.js                           6.56 kB │ gzip:   2.68 kB
dist/assets/layout.module-Dob9kCaa.js                             8.35 kB │ gzip:   2.94 kB
dist/assets/admin-monitor-DGk7Rod6.js                             9.85 kB │ gzip:   3.64 kB
dist/assets/sample-experience-DJ1fAtJv.js                        10.39 kB │ gzip:   3.46 kB
dist/assets/admin-exams-B7_-e0hE.js                              13.75 kB │ gzip:   4.86 kB
dist/assets/result-pages-BsqgfAZt.js                             20.01 kB │ gzip:   5.78 kB
dist/assets/format-halxuC2x.js                                   23.94 kB │ gzip:   8.24 kB
dist/assets/exam-room-CFIKQCN2.js                                32.25 kB │ gzip:   9.92 kB
dist/assets/use-title-CM6wrgvd.js                               100.96 kB │ gzip:  33.28 kB
dist/assets/mount-ufneteKy.js                                   305.88 kB │ gzip:  92.09 kB
dist/assets/mount-scene-DL16NffI.js                             520.18 kB │ gzip: 132.21 kB

✓ built in 247ms
