
> online-examination-platform@0.1.0 web:build:demo
> npm --prefix apps/web run build:demo


> @exam/web@0.1.0 build:demo
> tsc -p tsconfig.json --noEmit && vite build --mode demo

vite v8.3.3 building client environment for demo...
transforming...
✓ 224 modules transformed.
rendering chunks...
computing gzip size...
dist-demo/index.html                                                   0.88 kB │ gzip:   0.50 kB
dist-demo/assets/noto-sans-vietnamese-400-normal-D2wP-Vm-.woff2        5.31 kB
dist-demo/assets/noto-sans-vietnamese-500-normal-B_DgfjT4.woff2        5.72 kB
dist-demo/assets/noto-sans-vietnamese-600-normal-mhyQDSzg.woff2        5.83 kB
dist-demo/assets/source-sans-3-vietnamese-700-normal-Bgamivog.woff2    6.13 kB
dist-demo/assets/source-sans-3-vietnamese-600-normal-B2sTNYey.woff2    6.22 kB
dist-demo/assets/noto-sans-latin-400-normal-BTkUljjl.woff2            13.12 kB
dist-demo/assets/noto-sans-latin-500-normal-DCA2Z9Cj.woff2            13.49 kB
dist-demo/assets/noto-sans-latin-600-normal-Dkgu5AE5.woff2            13.49 kB
dist-demo/assets/source-sans-3-latin-700-normal-CkzU-mV9.woff2        15.59 kB
dist-demo/assets/source-sans-3-latin-600-normal-DeckBYAU.woff2        15.66 kB
dist-demo/assets/exam-room-CVBiBebz.css                                6.07 kB │ gzip:   1.68 kB
dist-demo/assets/index-CxF607CL.css                                    6.93 kB │ gzip:   1.79 kB
dist-demo/assets/result-pages-lcSmu8t1.css                             8.12 kB │ gzip:   1.92 kB
dist-demo/assets/layout-CK280gcp.css                                   9.53 kB │ gzip:   2.23 kB
dist-demo/assets/sample-experience-DeOYkbge.css                        9.86 kB │ gzip:   2.20 kB
dist-demo/assets/mount-BLHoLUTo.css                                   31.96 kB │ gzip:   6.34 kB
dist-demo/assets/progress-CrhD1lsq.js                                  0.37 kB │ gzip:   0.29 kB
dist-demo/assets/protected-access-luWPDJqi.js                          0.39 kB │ gzip:   0.28 kB
dist-demo/assets/polling-DFBeh31A.js                                   0.50 kB │ gzip:   0.30 kB
dist-demo/assets/runtime-C5v8dsOg.js                                   0.58 kB │ gzip:   0.34 kB
dist-demo/assets/memory-Br0Xt8S5.js                                    0.59 kB │ gzip:   0.37 kB
dist-demo/assets/mutation-intent-DIWikAAn.js                           0.69 kB │ gzip:   0.33 kB
dist-demo/assets/gate-B1PRdtzj.js                                      0.92 kB │ gzip:   0.59 kB
dist-demo/assets/index-D9fL1YTz.js                                     2.78 kB │ gzip:   1.39 kB
dist-demo/assets/admin-layout-CIhUu5qX.js                              2.86 kB │ gzip:   1.16 kB
dist-demo/assets/dev-ui-Ccd-JlSc.js                                    3.45 kB │ gzip:   1.31 kB
dist-demo/assets/session-DElKpH5U.js                                   3.82 kB │ gzip:   1.63 kB
dist-demo/assets/admin-import-BdmNIp0s.js                              5.35 kB │ gzip:   2.20 kB
dist-demo/assets/admin-insights-BsYSGF5B.js                            6.57 kB │ gzip:   2.48 kB
dist-demo/assets/admin-questions-BJzkg6bp.js                           6.63 kB │ gzip:   2.70 kB
dist-demo/assets/layout.module-BwTu4Cu3.js                             7.93 kB │ gzip:   2.79 kB
dist-demo/assets/jsx-runtime-FKpBTzT_.js                               8.87 kB │ gzip:   3.40 kB
dist-demo/assets/admin-monitor-BCXoway8.js                             9.92 kB │ gzip:   3.66 kB
dist-demo/assets/sample-experience-DwvKWEYu.js                        10.42 kB │ gzip:   3.49 kB
dist-demo/assets/admin-exams-C_MQklhp.js                              13.82 kB │ gzip:   4.89 kB
dist-demo/assets/result-pages-DWxOOUpu.js                             20.11 kB │ gzip:   5.80 kB
dist-demo/assets/format-C4_HROAb.js                                   23.94 kB │ gzip:   8.24 kB
dist-demo/assets/exam-room-DUudK7Cs.js                                32.39 kB │ gzip:   9.98 kB
dist-demo/assets/lib-F3GV9hiu.js                                      92.14 kB │ gzip:  30.20 kB
dist-demo/assets/mount-D-0IFMtt.js                                   316.57 kB │ gzip:  95.26 kB
dist-demo/assets/mount-scene-DL16NffI.js                             520.18 kB │ gzip: 132.21 kB

✓ built in 247ms
