
> online-examination-platform@0.1.0 test
> npm run test:api && npm run test:tooling && npm run web:test


> online-examination-platform@0.1.0 test:api
> node --experimental-vm-modules node_modules/jest/bin/jest.js --runInBand

(node:21528) ExperimentalWarning: VM Modules is an experimental feature and might change at any time
(Use `node --trace-warnings ...` to show where the warning was created)

Test Suites: 27 passed, 27 total
Tests:       179 passed, 179 total
Snapshots:   0 total
Time:        2.369 s, estimated 5 s
Ran all test suites.

> online-examination-platform@0.1.0 test:tooling
> node --test scripts/__tests__/*.unit.spec.mjs

✔ generates latency summary from its own raw run rather than a previous run (0.799542ms)
✔ absent transaction samples remain not measured and zero-valued evidence is rejected (0.808916ms)
✔ freezing an existing evidence directory cannot replace its raw sample or summary (7.895916ms)
✔ validates the complete OpenAPI contract and its payload examples (192.15525ms)
✔ verification is an explicit public POST with a bounded one-use token and final password (1.311833ms)
✔ signed token contract keeps access and refresh separate and PostgreSQL authoritative (3.106333ms)
✔ contract checks reject a refresh audience reused for access (1.116083ms)
✔ email login rejects alternate usernames and Session rejects raw credential fields (0.318291ms)
✔ email schemas reject non-ASCII identifiers consistently with the PostgreSQL identity policy (0.266125ms)
✔ accepts a submitted event and rejects answer data anywhere in it (0.406375ms)
✔ rejects an event for another aggregate, schema version or invalid timestamp (0.116292ms)
✔ candidate question schema rejects keys and explanation leaks (0.119209ms)
✔ rejects non-finite timestamps rather than treating them as a manual submission (0.086042ms)
✔ save contract accepts clearing and rejects duplicate options and oversized batches (0.115917ms)
✔ rejects an admin operation made public even when the document remains valid OpenAPI (1.085459ms)
✔ does not allow an admin route to inherit a public operation name (1.05675ms)
✔ rejects a critical mutation without an idempotency header (0.942875ms)
✔ rejects unsafe browser operations without Origin or CSRF contract (0.917667ms)
✔ rejects undocumented owners, acceptance cases and unbounded list pagination (0.937792ms)
✔ calibrates database UTC to local wall clock with a round-trip uncertainty bound (1.479625ms)
✔ commit acknowledgement includes persistence delay separately from acceptance lag (0.201125ms)
✔ does not turn absent observations into zero latency (0.084209ms)
✔ packages immutable SQL bytes and ordered filenames independently of process cwd (9.226792ms)
✔ fails build rather than silently packaging missing or symlinked migrations (2.921875ms)
✔ finds forbidden external, dynamic and re-export imports while ignoring comments (4.186584ms)
✔ detects module-private and same-module infrastructure access from application (0.669334ms)
✔ permits a public application capability and infrastructure driver adapter (0.617833ms)
✔ extracts real local links but excludes fenced examples and external URLs (0.469666ms)
✔ resolves repeated headings and ignores code-fence pseudo-headings (0.6205ms)
✔ checks TypeScript import types and import-equals dependencies (0.814709ms)
✔ rejects Node network imports with or without node prefix (0.244666ms)
✔ checks technical folder barrel imports without a trailing slash (0.200334ms)
✔ keeps platform technical and presentation independent of infrastructure (0.404416ms)
✔ keeps domain independent of application orchestration (0.234125ms)
✔ rejects outer helpers, config and workers in business layers, including barrels and type imports (0.338458ms)
✔ keeps all global technical roots independent from business modules (0.506667ms)
✔ permits explicit public capabilities while rejecting private application imports (0.295292ms)
✔ requires module composition to use explicit public capabilities of another module (0.358459ms)
✔ rejects legacy placement after normalization closes (0.135625ms)
✔ prevents business dependencies hidden behind shared root barrels or unsupported aliases (0.254208ms)
✔ allows only the reviewed Catalog worker composition boundary (0.185375ms)
ℹ tests 41
ℹ suites 0
ℹ pass 41
ℹ fail 0
ℹ cancelled 0
ℹ skipped 0
ℹ todo 0
ℹ duration_ms 328.18

> online-examination-platform@0.1.0 web:test
> npm --prefix apps/web test


> @exam/web@0.1.0 test
> vitest run


 RUN  v5.0.3 /Users/trankhanh/MyFolder/ResearchProjects/NestJS/online-examination-platform/apps/web


 Test Files  24 passed (24)
      Tests  96 passed (96)
   Start at  10:00:24
   Duration  3.69s (environment 59%, tests 21%, import 10%, transform 9%)

Environment  jsdom was created 24 times · 13.33s total, 59% of tracked time
             create it once per worker with pool: 'vmThreads' (keeps per-file isolation) or isolate: false (shares it across files)
             learn more: https://vitest.dev/guide/improving-performance#test-environments


