
> online-examination-platform@0.1.0 test:integration
> node --experimental-vm-modules node_modules/jest/bin/jest.js --config jest.integration.cjs --runInBand --runTestsByPath apps/api/tests/integration/outbox-dispatch.spec.ts

(node:99252) ExperimentalWarning: VM Modules is an experimental feature and might change at any time
(Use `node --trace-warnings ...` to show where the warning was created)
FAIL apps/api/tests/integration/outbox-dispatch.spec.ts
  ● Assessment durable dispatch › atomically partitions a bounded batch between two workers and skips row locks

    error: new row for relation "exams" violates check constraint "exams_attempt_limit_check"

      62 |   try {
      63 |     await c.query("BEGIN");
    > 64 |     await c.query(`
         |     ^
      65 |       INSERT INTO catalog.exams (
      66 |         id, title, category, duration_seconds, attempt_limit, opens_at, closes_at
      67 |       )

      at node_modules/pg/lib/client.js:694:17
      at Object.<anonymous> (apps/api/tests/integration/outbox-dispatch.spec.ts:64:5)

  ● Assessment durable dispatch › recovers after crash with a new token and fences every stale mutation

    error: new row for relation "exams" violates check constraint "exams_attempt_limit_check"

      62 |   try {
      63 |     await c.query("BEGIN");
    > 64 |     await c.query(`
         |     ^
      65 |       INSERT INTO catalog.exams (
      66 |         id, title, category, duration_seconds, attempt_limit, opens_at, closes_at
      67 |       )

      at node_modules/pg/lib/client.js:694:17
      at Object.<anonymous> (apps/api/tests/integration/outbox-dispatch.spec.ts:64:5)

  ● Assessment durable dispatch › rejects an ACK after lease expiry even before another worker claims

    error: new row for relation "exams" violates check constraint "exams_attempt_limit_check"

      62 |   try {
      63 |     await c.query("BEGIN");
    > 64 |     await c.query(`
         |     ^
      65 |       INSERT INTO catalog.exams (
      66 |         id, title, category, duration_seconds, attempt_limit, opens_at, closes_at
      67 |       )

      at node_modules/pg/lib/client.js:694:17
      at Object.<anonymous> (apps/api/tests/integration/outbox-dispatch.spec.ts:64:5)

  ● Assessment durable dispatch › publishes with no open DB transaction and recovers duplicate publication after ACK crash

    error: new row for relation "exams" violates check constraint "exams_attempt_limit_check"

      62 |   try {
      63 |     await c.query("BEGIN");
    > 64 |     await c.query(`
         |     ^
      65 |       INSERT INTO catalog.exams (
      66 |         id, title, category, duration_seconds, attempt_limit, opens_at, closes_at
      67 |       )

      at node_modules/pg/lib/client.js:694:17
      at Object.<anonymous> (apps/api/tests/integration/outbox-dispatch.spec.ts:64:5)

  ● Assessment durable dispatch › persists retry eligibility in DB across recomposition and parks the final crashed attempt

    error: new row for relation "exams" violates check constraint "exams_attempt_limit_check"

      62 |   try {
      63 |     await c.query("BEGIN");
    > 64 |     await c.query(`
         |     ^
      65 |       INSERT INTO catalog.exams (
      66 |         id, title, category, duration_seconds, attempt_limit, opens_at, closes_at
      67 |       )

      at node_modules/pg/lib/client.js:694:17
      at Object.<anonymous> (apps/api/tests/integration/outbox-dispatch.spec.ts:64:5)

  ● Assessment durable dispatch › replays only parked records atomically with audit and unchanged event/body/time

    error: new row for relation "exams" violates check constraint "exams_attempt_limit_check"

      62 |   try {
      63 |     await c.query("BEGIN");
    > 64 |     await c.query(`
         |     ^
      65 |       INSERT INTO catalog.exams (
      66 |         id, title, category, duration_seconds, attempt_limit, opens_at, closes_at
      67 |       )

      at node_modules/pg/lib/client.js:694:17
      at Object.<anonymous> (apps/api/tests/integration/outbox-dispatch.spec.ts:64:5)

  ● Assessment durable dispatch › rolls replay state back if audit persistence fails

    error: new row for relation "exams" violates check constraint "exams_attempt_limit_check"

      62 |   try {
      63 |     await c.query("BEGIN");
    > 64 |     await c.query(`
         |     ^
      65 |       INSERT INTO catalog.exams (
      66 |         id, title, category, duration_seconds, attempt_limit, opens_at, closes_at
      67 |       )

      at node_modules/pg/lib/client.js:694:17
      at Object.<anonymous> (apps/api/tests/integration/outbox-dispatch.spec.ts:64:5)

  ● Assessment durable dispatch › denies worker access to identity.sessions

    error: new row for relation "exams" violates check constraint "exams_attempt_limit_check"

      62 |   try {
      63 |     await c.query("BEGIN");
    > 64 |     await c.query(`
         |     ^
      65 |       INSERT INTO catalog.exams (
      66 |         id, title, category, duration_seconds, attempt_limit, opens_at, closes_at
      67 |       )

      at node_modules/pg/lib/client.js:694:17
      at Object.<anonymous> (apps/api/tests/integration/outbox-dispatch.spec.ts:64:5)

  ● Assessment durable dispatch › denies worker access to identity.users

    error: new row for relation "exams" violates check constraint "exams_attempt_limit_check"

      62 |   try {
      63 |     await c.query("BEGIN");
    > 64 |     await c.query(`
         |     ^
      65 |       INSERT INTO catalog.exams (
      66 |         id, title, category, duration_seconds, attempt_limit, opens_at, closes_at
      67 |       )

      at node_modules/pg/lib/client.js:694:17
      at Object.<anonymous> (apps/api/tests/integration/outbox-dispatch.spec.ts:64:5)

  ● Assessment durable dispatch › denies worker access to catalog.published_answer_keys

    error: new row for relation "exams" violates check constraint "exams_attempt_limit_check"

      62 |   try {
      63 |     await c.query("BEGIN");
    > 64 |     await c.query(`
         |     ^
      65 |       INSERT INTO catalog.exams (
      66 |         id, title, category, duration_seconds, attempt_limit, opens_at, closes_at
      67 |       )

      at node_modules/pg/lib/client.js:694:17
      at Object.<anonymous> (apps/api/tests/integration/outbox-dispatch.spec.ts:64:5)

  ● Assessment durable dispatch › denies worker access to assessment.answers

    error: new row for relation "exams" violates check constraint "exams_attempt_limit_check"

      62 |   try {
      63 |     await c.query("BEGIN");
    > 64 |     await c.query(`
         |     ^
      65 |       INSERT INTO catalog.exams (
      66 |         id, title, category, duration_seconds, attempt_limit, opens_at, closes_at
      67 |       )

      at node_modules/pg/lib/client.js:694:17
      at Object.<anonymous> (apps/api/tests/integration/outbox-dispatch.spec.ts:64:5)

  ● Assessment durable dispatch › denies runtime dispatch/replay, worker identity mutation and direct operator update

    error: new row for relation "exams" violates check constraint "exams_attempt_limit_check"

      62 |   try {
      63 |     await c.query("BEGIN");
    > 64 |     await c.query(`
         |     ^
      65 |       INSERT INTO catalog.exams (
      66 |         id, title, category, duration_seconds, attempt_limit, opens_at, closes_at
      67 |       )

      at node_modules/pg/lib/client.js:694:17
      at Object.<anonymous> (apps/api/tests/integration/outbox-dispatch.spec.ts:64:5)

  ● Assessment durable dispatch › measures pending/parked independently from ready eligibility

    error: new row for relation "exams" violates check constraint "exams_attempt_limit_check"

      62 |   try {
      63 |     await c.query("BEGIN");
    > 64 |     await c.query(`
         |     ^
      65 |       INSERT INTO catalog.exams (
      66 |         id, title, category, duration_seconds, attempt_limit, opens_at, closes_at
      67 |       )

      at node_modules/pg/lib/client.js:694:17
      at Object.<anonymous> (apps/api/tests/integration/outbox-dispatch.spec.ts:64:5)

  ● Assessment durable dispatch › records a bounded local publication diagnostic, without an AWS capacity/cost claim

    error: new row for relation "exams" violates check constraint "exams_attempt_limit_check"

      62 |   try {
      63 |     await c.query("BEGIN");
    > 64 |     await c.query(`
         |     ^
      65 |       INSERT INTO catalog.exams (
      66 |         id, title, category, duration_seconds, attempt_limit, opens_at, closes_at
      67 |       )

      at node_modules/pg/lib/client.js:694:17
      at Object.<anonymous> (apps/api/tests/integration/outbox-dispatch.spec.ts:64:5)

Test Suites: 1 failed, 1 total
Tests:       14 failed, 14 total
Snapshots:   0 total
Time:        2.694 s
Ran all test suites within paths "apps/api/tests/integration/outbox-dispatch.spec.ts".
