
> online-examination-platform@0.1.0 test
> npm run test:api && npm run test:tooling && npm run web:test


> online-examination-platform@0.1.0 test:api
> node --experimental-vm-modules node_modules/jest/bin/jest.js --runInBand

(node:4750) ExperimentalWarning: VM Modules is an experimental feature and might change at any time
(Use `node --trace-warnings ...` to show where the warning was created)

Test Suites: 23 passed, 23 total
Tests:       144 passed, 144 total
Snapshots:   0 total
Time:        2.619 s, estimated 4 s
Ran all test suites.

> online-examination-platform@0.1.0 test:tooling
> node --test scripts/__tests__/*.unit.spec.mjs

✔ generates latency summary from its own raw run rather than a previous run (0.689541ms)
✔ absent transaction samples remain not measured and zero-valued evidence is rejected (0.735125ms)
✔ freezing an existing evidence directory cannot replace its raw sample or summary (8.19025ms)
✔ validates the complete OpenAPI contract and its payload examples (189.586583ms)
✔ verification is an explicit public POST with a bounded one-use token and final password (1.387125ms)
✔ signed token contract keeps access and refresh separate and PostgreSQL authoritative (3.05875ms)
✔ contract checks reject a refresh audience reused for access (1.118917ms)
✔ email login rejects alternate usernames and Session rejects raw credential fields (0.273125ms)
✔ email schemas reject non-ASCII identifiers consistently with the PostgreSQL identity policy (0.241166ms)
✔ accepts a submitted event and rejects answer data anywhere in it (0.439958ms)
✔ rejects an event for another aggregate, schema version or invalid timestamp (0.116333ms)
✔ candidate question schema rejects keys and explanation leaks (0.125334ms)
✔ rejects non-finite timestamps rather than treating them as a manual submission (0.092125ms)
✔ save contract accepts clearing and rejects duplicate options and oversized batches (0.126209ms)
✔ rejects an admin operation made public even when the document remains valid OpenAPI (1.610083ms)
✔ does not allow an admin route to inherit a public operation name (0.98075ms)
✔ rejects a critical mutation without an idempotency header (0.979041ms)
✔ rejects unsafe browser operations without Origin or CSRF contract (0.961708ms)
✔ rejects undocumented owners, acceptance cases and unbounded list pagination (0.941042ms)
✔ calibrates database UTC to local wall clock with a round-trip uncertainty bound (1.217334ms)
✔ commit acknowledgement includes persistence delay separately from acceptance lag (0.180958ms)
✔ does not turn absent observations into zero latency (0.081917ms)
✔ packages immutable SQL bytes and ordered filenames independently of process cwd (9.760917ms)
✔ fails build rather than silently packaging missing or symlinked migrations (3.011292ms)
✔ finds forbidden external, dynamic and re-export imports while ignoring comments (4.447709ms)
✔ detects module-private and same-module infrastructure access from application (0.65775ms)
✔ permits a public application capability and infrastructure driver adapter (0.642375ms)
✔ extracts real local links but excludes fenced examples and external URLs (0.353958ms)
✔ resolves repeated headings and ignores code-fence pseudo-headings (0.689667ms)
✔ checks TypeScript import types and import-equals dependencies (1.136625ms)
✔ rejects Node network imports with or without node prefix (0.219959ms)
✔ checks technical folder barrel imports without a trailing slash (0.1975ms)
✔ keeps platform technical and presentation independent of infrastructure (0.391458ms)
✔ keeps domain independent of application orchestration (0.233417ms)
✔ rejects outer helpers, config and workers in business layers, including barrels and type imports (0.361791ms)
✔ keeps all global technical roots independent from business modules (0.298917ms)
✔ permits explicit public capabilities while rejecting private application imports (0.29275ms)
✔ requires module composition to use explicit public capabilities of another module (0.263125ms)
✔ rejects legacy placement after normalization closes (0.153958ms)
✔ prevents business dependencies hidden behind shared root barrels or unsupported aliases (0.255167ms)
ℹ tests 40
ℹ suites 0
ℹ pass 40
ℹ fail 0
ℹ cancelled 0
ℹ skipped 0
ℹ todo 0
ℹ duration_ms 340.824875

> online-examination-platform@0.1.0 web:test
> npm --prefix apps/web test


> @exam/web@0.1.0 test
> vitest run


 RUN  v5.0.3 /Users/trankhanh/MyFolder/ResearchProjects/NestJS/online-examination-platform/apps/web


 Test Files  24 passed (24)
      Tests  96 passed (96)
   Start at  00:10:43
   Duration  4.80s (environment 58%, tests 23%, import 11%, transform 8%)

Environment  jsdom was created 24 times · 16.80s total, 58% of tracked time
             create it once per worker with pool: 'vmThreads' (keeps per-file isolation) or isolate: false (shares it across files)
             learn more: https://vitest.dev/guide/improving-performance#test-environments

