
> online-examination-platform@0.1.0 test
> npm run test:api && npm run test:tooling && npm run web:test


> online-examination-platform@0.1.0 test:api
> node --experimental-vm-modules node_modules/jest/bin/jest.js --runInBand

(node:48524) ExperimentalWarning: VM Modules is an experimental feature and might change at any time
(Use `node --trace-warnings ...` to show where the warning was created)

Test Suites: 30 passed, 30 total
Tests:       207 passed, 207 total
Snapshots:   0 total
Time:        3.268 s, estimated 4 s
Ran all test suites.

> online-examination-platform@0.1.0 test:tooling
> node --test scripts/__tests__/*.unit.spec.mjs

✔ generates latency summary from its own raw run rather than a previous run (0.75025ms)
✔ absent transaction samples remain not measured and zero-valued evidence is rejected (0.864334ms)
✔ freezing an existing evidence directory cannot replace its raw sample or summary (8.783958ms)
✔ validates the complete OpenAPI contract and its payload examples (170.223583ms)
✔ verification is an explicit public POST with a bounded one-use token and final password (1.336917ms)
✔ signed token contract keeps access and refresh separate and PostgreSQL authoritative (3.006667ms)
✔ contract checks reject a refresh audience reused for access (1.098292ms)
✔ email login rejects alternate usernames and Session rejects raw credential fields (0.265625ms)
✔ email schemas reject non-ASCII identifiers consistently with the PostgreSQL identity policy (0.221125ms)
✔ accepts a submitted event and rejects answer data anywhere in it (0.4015ms)
✔ rejects an event for another aggregate, schema version or invalid timestamp (0.114459ms)
✔ candidate question schema rejects keys and explanation leaks (0.126375ms)
✔ rejects non-finite timestamps rather than treating them as a manual submission (0.09475ms)
✔ save contract accepts clearing and rejects duplicate options and oversized batches (0.114834ms)
✔ rejects an admin operation made public even when the document remains valid OpenAPI (1.453666ms)
✔ does not allow an admin route to inherit a public operation name (0.994708ms)
✔ rejects a critical mutation without an idempotency header (0.93625ms)
✔ rejects unsafe browser operations without Origin or CSRF contract (0.920833ms)
✔ rejects undocumented owners, acceptance cases and unbounded list pagination (0.928209ms)
✔ calibrates database UTC to local wall clock with a round-trip uncertainty bound (1.303834ms)
✔ commit acknowledgement includes persistence delay separately from acceptance lag (0.208916ms)
✔ does not turn absent observations into zero latency (0.214ms)
✔ packages immutable SQL bytes and ordered filenames independently of process cwd (9.483875ms)
✔ fails build rather than silently packaging missing or symlinked migrations (3.790417ms)
✔ finds forbidden external, dynamic and re-export imports while ignoring comments (4.877209ms)
✔ detects module-private and same-module infrastructure access from application (0.799375ms)
✔ permits a public application capability and infrastructure driver adapter (0.651375ms)
✔ extracts real local links but excludes fenced examples and external URLs (0.346ms)
✔ resolves repeated headings and ignores code-fence pseudo-headings (0.522666ms)
✔ checks TypeScript import types and import-equals dependencies (0.643417ms)
✔ rejects Node network imports with or without node prefix (0.189208ms)
✔ checks technical folder barrel imports without a trailing slash (1.83325ms)
✔ keeps platform technical and presentation independent of infrastructure (1.139541ms)
✔ keeps domain independent of application orchestration (0.226541ms)
✔ rejects outer helpers, config and workers in business layers, including barrels and type imports (0.346166ms)
✔ keeps all global technical roots independent from business modules (0.281083ms)
✔ permits explicit public capabilities while rejecting private application imports (0.20425ms)
✔ requires module composition to use explicit public capabilities of another module (0.23575ms)
✔ rejects legacy placement after normalization closes (0.122416ms)
✔ prevents business dependencies hidden behind shared root barrels or unsupported aliases (0.2115ms)
✔ allows only the reviewed Catalog worker composition boundary (0.164709ms)
ℹ tests 41
ℹ suites 0
ℹ pass 41
ℹ fail 0
ℹ cancelled 0
ℹ skipped 0
ℹ todo 0
ℹ duration_ms 278.446667

> online-examination-platform@0.1.0 web:test
> npm --prefix apps/web test


> @exam/web@0.1.0 test
> vitest run


 RUN  v5.0.3 /Users/trankhanh/MyFolder/ResearchProjects/NestJS/online-examination-platform/apps/web


 Test Files  24 passed (24)
      Tests  96 passed (96)
   Start at  13:29:45
   Duration  3.52s (environment 58%, tests 22%, import 11%, transform 9%)

Environment  jsdom was created 24 times · 12.31s total, 58% of tracked time
             create it once per worker with pool: 'vmThreads' (keeps per-file isolation) or isolate: false (shares it across files)
             learn more: https://vitest.dev/guide/improving-performance#test-environments


[exit_code=0]
