
> online-examination-platform@0.1.0 test:api
> node --experimental-vm-modules node_modules/jest/bin/jest.js --runInBand --runTestsByPath apps/api/src/modules/reporting/domain/__tests__/business-metrics.unit.spec.ts --testNamePattern year zero

(node:24048) ExperimentalWarning: VM Modules is an experimental feature and might change at any time
(Use `node --trace-warnings ...` to show where the warning was created)
FAIL apps/api/src/modules/reporting/domain/__tests__/business-metrics.unit.spec.ts
  ● Business cohort and global backlog policy › rejects year zero that cannot be represented by PostgreSQL timestamps

    expect(received).toThrow(expected)

    Expected substring: "Invalid request"

    Received function did not throw

      33 |   );
      34 |   it("rejects year zero that cannot be represented by PostgreSQL timestamps", () => {
    > 35 |     expect(()=>validateMetricWindow("0000-01-01T00:00:00.000Z","0000-01-02T00:00:00.000Z")).toThrow("Invalid request");
         |                                                                                             ^
      36 |   });
      37 |   it("returns exact counts and oldest original submission age independently of cohort", () => {
      38 |     const value = businessMetricValues(state);

      at Object.<anonymous> (apps/api/src/modules/reporting/domain/__tests__/business-metrics.unit.spec.ts:35:93)

Test Suites: 1 failed, 1 total
Tests:       1 failed, 28 skipped, 29 total
Snapshots:   0 total
Time:        1.561 s
Ran all test suites within paths "apps/api/src/modules/reporting/domain/__tests__/business-metrics.unit.spec.ts".
